main.c:706:13:MX_GPIO_Init	88	static
main.c:86:19:CAL_writeShiftRegister1	24	static,ignoring_inline_asm
main.c:122:6:HAL_UART_RxCpltCallback	16	static
main.c:789:6:Error_Handler	0	static,ignoring_inline_asm
main.c:418:13:MX_SPI1_Init	8	static
main.c:466:13:MX_SPI2_Init	8	static
main.c:514:13:MX_SPI3_Init	8	static
main.c:658:13:MX_UART4_Init	8	static
main.c:562:13:MX_SPI4_Init	8	static
main.c:610:13:MX_SPI5_Init	8	static
main.c:337:6:SystemClock_Config	120	static
main.c:388:6:PeriphCommonClock_Config	200	static
main.c:137:5:main	80	static
