<html>
<body>
<pre>
<h1>µVision Build Log</h1>
<h2>Tool Versions:</h2>
IDE-Version: µVision V5.34.0.0
Copyright (C) 2021 ARM Ltd and ARM Germany GmbH. All rights reserved.
License Information: sanhith kommisetti, TU CHEMNITZ, LIC=----
 
Tool Versions:
Toolchain:       MDK-Lite  Version: 5.34.0.0
Toolchain Path:  C:\Keil_v5\ARM\ARMCC\Bin
C Compiler:      Armcc.exe V5.06 update 7 (build 960)
Assembler:       Armasm.exe V5.06 update 7 (build 960)
Linker/Locator:  ArmLink.exe V5.06 update 7 (build 960)
Library Manager: ArmAr.exe V5.06 update 7 (build 960)
Hex Converter:   FromElf.exe V5.06 update 7 (build 960)
CPU DLL:         SARMCM3.DLL V5.34.0.0
Dialog DLL:      DCM.DLL V1.17.3.0
Target DLL:      STLink\ST-LINKIII-KEIL_SWO.dll V3.0.8.0
Dialog DLL:      TCM.DLL V1.48.0.0
 
<h2>Project:</h2>
C:\Users\User\Desktop\shift\MDK-ARM\shift.uvprojx
Project File Date:  11/01/2021

<h2>Output:</h2>
*** Using Compiler 'V5.06 update 7 (build 960)', folder: 'C:\Keil_v5\ARM\ARMCC\Bin'
Build target 'shift'
compiling shift.c...
..\..\shift register_driver\shift.c(142): warning:  #188-D: enumerated type mixed with another type
  	return shunt_resistance;
..\..\shift register_driver\shift.c(168): warning:  #940-D: missing return statement at end of non-void function "CAL_WriteShiftRegister" 
  }
..\..\shift register_driver\shift.c: 2 warnings, 0 errors
compiling main.c...
../Core/Src/main.c(97): warning:  #940-D: missing return statement at end of non-void function "CAL_writeShiftRegister1" 
  	}
../Core/Src/main.c(145): warning:  #167-D: argument of type "char *" is incompatible with parameter of type "uint8_t *"
  	HAL_UART_Receive_IT(&huart4,transmit_buffer1,sizeof(transmit_buffer1));
../Core/Src/main.c(150): warning:  #223-D: function "memcpy" declared implicitly
  	memcpy(&test_tx_data,transmit_buffer1,sizeof(send_data));
../Core/Src/main.c(355): warning:  #223-D: function "memcpy" declared implicitly
  memcpy(transmit_buffer1,&test_tx_data,sizeof(send_data));
../Core/Src/main.c(364): warning:  #167-D: argument of type "char *" is incompatible with parameter of type "uint8_t *"
  HAL_UART_Transmit(&huart4,transmit_buffer1,sizeof(transmit_buffer1),100);
../Core/Src/main.c(365): warning:  #167-D: argument of type "char *" is incompatible with parameter of type "uint8_t *"
  	HAL_UART_Receive_IT(&huart4,transmit_buffer1,sizeof(transmit_buffer1));
../Core/Src/main.c(438): warning:  #1035-D: single-precision operand implicitly converted to double-precision
  		raw3 = 12.288-raw2;
../Core/Src/main.c(439): warning:  #1035-D: single-precision operand implicitly converted to double-precision
  		raw4=(raw3/0.005)-3;
../Core/Src/main.c(443): warning:  #1035-D: single-precision operand implicitly converted to double-precision
  		raw10 = 12.288-raw9;
../Core/Src/main.c(447): warning:  #1035-D: single-precision operand implicitly converted to double-precision
  		raw12 = 12.288-raw11;
../Core/Src/main.c(448): warning:  #1035-D: single-precision operand implicitly converted to double-precision
  		result = (raw12-2.5)*10.7;
../Core/Src/main.c(450): warning:  #1035-D: single-precision operand implicitly converted to double-precision
  		raw13=result1/10.11;
../Core/Src/main.c(455): warning:  #167-D: argument of type "char *" is incompatible with parameter of type "uint8_t *"
  			HAL_UART_Receive_IT(&huart4,transmit_buffer1,sizeof(transmit_buffer1));
../Core/Src/main.c: 13 warnings, 0 errors
linking...
Program Size: Code=20310 RO-data=754 RW-data=48 ZI-data=2528  
FromELF: creating hex file...
"shift\shift.axf" - 0 Error(s), 15 Warning(s).

<h2>Software Packages used:</h2>

Package Vendor: ARM
                http://www.keil.com/pack/ARM.CMSIS.5.7.0.pack
                ARM.CMSIS.5.7.0
                CMSIS (Cortex Microcontroller Software Interface Standard)
   * Component: CORE Version: 5.4.0

Package Vendor: Keil
                http://www.keil.com/pack/Keil.STM32H7xx_DFP.2.7.0.pack
                Keil.STM32H7xx_DFP.2.7.0
                STMicroelectronics STM32H7 Series Device Support and Examples

<h2>Collection of Component include folders:</h2>
  .\RTE\_shift
  C:\Users\User\AppData\Local\Arm\Packs\ARM\CMSIS\5.7.0\CMSIS\Core\Include
  C:\Users\User\AppData\Local\Arm\Packs\Keil\STM32H7xx_DFP\2.7.0\Drivers\CMSIS\Device\ST\STM32H7xx\Include

<h2>Collection of Component Files used:</h2>

   * Component: ARM::CMSIS:CORE:5.4.0
      Include file:  CMSIS\Core\Include\tz_context.h
Build Time Elapsed:  00:00:10
</pre>
</body>
</html>
