Component: ARM Compiler 5.06 update 7 (build 960) Tool: armlink [4d3601]

==============================================================================

Section Cross References

    startup_stm32h743xx.o(STACK) refers (Special) to heapauxi.o(.text) for __use_two_region_memory
    startup_stm32h743xx.o(HEAP) refers (Special) to heapauxi.o(.text) for __use_two_region_memory
    startup_stm32h743xx.o(RESET) refers (Special) to heapauxi.o(.text) for __use_two_region_memory
    startup_stm32h743xx.o(RESET) refers to startup_stm32h743xx.o(STACK) for __initial_sp
    startup_stm32h743xx.o(RESET) refers to startup_stm32h743xx.o(.text) for Reset_Handler
    startup_stm32h743xx.o(RESET) refers to stm32h7xx_it.o(i.NMI_Handler) for NMI_Handler
    startup_stm32h743xx.o(RESET) refers to stm32h7xx_it.o(i.HardFault_Handler) for HardFault_Handler
    startup_stm32h743xx.o(RESET) refers to stm32h7xx_it.o(i.MemManage_Handler) for MemManage_Handler
    startup_stm32h743xx.o(RESET) refers to stm32h7xx_it.o(i.BusFault_Handler) for BusFault_Handler
    startup_stm32h743xx.o(RESET) refers to stm32h7xx_it.o(i.UsageFault_Handler) for UsageFault_Handler
    startup_stm32h743xx.o(RESET) refers to stm32h7xx_it.o(i.SVC_Handler) for SVC_Handler
    startup_stm32h743xx.o(RESET) refers to stm32h7xx_it.o(i.DebugMon_Handler) for DebugMon_Handler
    startup_stm32h743xx.o(RESET) refers to stm32h7xx_it.o(i.PendSV_Handler) for PendSV_Handler
    startup_stm32h743xx.o(RESET) refers to stm32h7xx_it.o(i.SysTick_Handler) for SysTick_Handler
    startup_stm32h743xx.o(RESET) refers to stm32h7xx_it.o(i.UART4_IRQHandler) for UART4_IRQHandler
    startup_stm32h743xx.o(.text) refers (Special) to heapauxi.o(.text) for __use_two_region_memory
    startup_stm32h743xx.o(.text) refers to system_stm32h7xx.o(i.SystemInit) for SystemInit
    startup_stm32h743xx.o(.text) refers to __main.o(!!!main) for __main
    startup_stm32h743xx.o(.text) refers to startup_stm32h743xx.o(HEAP) for Heap_Mem
    startup_stm32h743xx.o(.text) refers to startup_stm32h743xx.o(STACK) for Stack_Mem
    main.o(i.CAL_writeShiftRegister) refers to stm32h7xx_hal_gpio.o(i.HAL_GPIO_WritePin) for HAL_GPIO_WritePin
    main.o(i.CAL_writeShiftRegister) refers to stm32h7xx_hal_spi.o(i.HAL_SPI_Transmit) for HAL_SPI_Transmit
    main.o(i.CAL_writeShiftRegister1) refers to stm32h7xx_hal_gpio.o(i.HAL_GPIO_WritePin) for HAL_GPIO_WritePin
    main.o(i.CAL_writeShiftRegister1) refers to stm32h7xx_hal_spi.o(i.HAL_SPI_Transmit) for HAL_SPI_Transmit
    main.o(i.HAL_UART_RxCpltCallback) refers to stm32h7xx_hal_uart.o(i.HAL_UART_Receive_IT) for HAL_UART_Receive_IT
    main.o(i.HAL_UART_RxCpltCallback) refers to rt_memcpy_w.o(.text) for __aeabi_memcpy4
    main.o(i.HAL_UART_RxCpltCallback) refers to main.o(.bss) for .bss
    main.o(i.MX_GPIO_Init) refers to rt_memclr_w.o(.text) for __aeabi_memclr4
    main.o(i.MX_GPIO_Init) refers to stm32h7xx_hal_gpio.o(i.HAL_GPIO_WritePin) for HAL_GPIO_WritePin
    main.o(i.MX_GPIO_Init) refers to stm32h7xx_hal_gpio.o(i.HAL_GPIO_Init) for HAL_GPIO_Init
    main.o(i.MX_SPI1_Init) refers to stm32h7xx_hal_spi.o(i.HAL_SPI_Init) for HAL_SPI_Init
    main.o(i.MX_SPI1_Init) refers to main.o(.bss) for .bss
    main.o(i.MX_SPI2_Init) refers to stm32h7xx_hal_spi.o(i.HAL_SPI_Init) for HAL_SPI_Init
    main.o(i.MX_SPI2_Init) refers to main.o(.bss) for .bss
    main.o(i.MX_SPI3_Init) refers to stm32h7xx_hal_spi.o(i.HAL_SPI_Init) for HAL_SPI_Init
    main.o(i.MX_SPI3_Init) refers to main.o(.bss) for .bss
    main.o(i.MX_SPI4_Init) refers to stm32h7xx_hal_spi.o(i.HAL_SPI_Init) for HAL_SPI_Init
    main.o(i.MX_SPI4_Init) refers to main.o(.bss) for .bss
    main.o(i.MX_SPI5_Init) refers to stm32h7xx_hal_spi.o(i.HAL_SPI_Init) for HAL_SPI_Init
    main.o(i.MX_SPI5_Init) refers to main.o(.bss) for .bss
    main.o(i.MX_UART4_Init) refers to stm32h7xx_hal_uart.o(i.HAL_UART_Init) for HAL_UART_Init
    main.o(i.MX_UART4_Init) refers to stm32h7xx_hal_uart_ex.o(i.HAL_UARTEx_SetTxFifoThreshold) for HAL_UARTEx_SetTxFifoThreshold
    main.o(i.MX_UART4_Init) refers to stm32h7xx_hal_uart_ex.o(i.HAL_UARTEx_SetRxFifoThreshold) for HAL_UARTEx_SetRxFifoThreshold
    main.o(i.MX_UART4_Init) refers to stm32h7xx_hal_uart_ex.o(i.HAL_UARTEx_DisableFifoMode) for HAL_UARTEx_DisableFifoMode
    main.o(i.MX_UART4_Init) refers to main.o(.bss) for .bss
    main.o(i.PeriphCommonClock_Config) refers to rt_memclr_w.o(.text) for __aeabi_memclr4
    main.o(i.PeriphCommonClock_Config) refers to stm32h7xx_hal_rcc_ex.o(i.HAL_RCCEx_PeriphCLKConfig) for HAL_RCCEx_PeriphCLKConfig
    main.o(i.SystemClock_Config) refers to rt_memclr_w.o(.text) for __aeabi_memclr4
    main.o(i.SystemClock_Config) refers to stm32h7xx_hal_pwr_ex.o(i.HAL_PWREx_ConfigSupply) for HAL_PWREx_ConfigSupply
    main.o(i.SystemClock_Config) refers to stm32h7xx_hal_rcc.o(i.HAL_RCC_OscConfig) for HAL_RCC_OscConfig
    main.o(i.SystemClock_Config) refers to stm32h7xx_hal_rcc.o(i.HAL_RCC_ClockConfig) for HAL_RCC_ClockConfig
[...]
    ../clib/armsys.c                         0x00000000   Number         0  _get_argv_nomalloc.o ABSOLUTE
    ../clib/heap1.c                          0x00000000   Number         0  h1_extend_mt.o ABSOLUTE
    ../clib/heap1.c                          0x00000000   Number         0  h1_final_mt.o ABSOLUTE
    ../clib/heap1.c                          0x00000000   Number         0  h1_final.o ABSOLUTE
    ../clib/heap1.c                          0x00000000   Number         0  h1_init.o ABSOLUTE
    ../clib/heap1.c                          0x00000000   Number         0  h1_init_mt.o ABSOLUTE
    ../clib/heap1.c                          0x00000000   Number         0  h1_alloc.o ABSOLUTE
    ../clib/heap1.c                          0x00000000   Number         0  h1_free.o ABSOLUTE
    ../clib/heap1.c                          0x00000000   Number         0  h1_alloc_mt.o ABSOLUTE
    ../clib/heap1.c                          0x00000000   Number         0  h1_extend.o ABSOLUTE
    ../clib/heap1.c                          0x00000000   Number         0  h1_free_mt.o ABSOLUTE
    ../clib/heap2.c                          0x00000000   Number         0  heap2.o ABSOLUTE
    ../clib/heap2.c                          0x00000000   Number         0  fdtree.o ABSOLUTE
    ../clib/heap2.c                          0x00000000   Number         0  heap2mt.o ABSOLUTE
    ../clib/heapalloc.c                      0x00000000   Number         0  free.o ABSOLUTE
    ../clib/heapalloc.c                      0x00000000   Number         0  maybetermalloc1.o ABSOLUTE
    ../clib/heapalloc.c                      0x00000000   Number         0  term_alloc.o ABSOLUTE
    ../clib/heapalloc.c                      0x00000000   Number         0  maybetermalloc1.o ABSOLUTE
    ../clib/heapalloc.c                      0x00000000   Number         0  heapstubs.o ABSOLUTE
    ../clib/heapalloc.c                      0x00000000   Number         0  init_alloc.o ABSOLUTE
    ../clib/heapalloc.c                      0x00000000   Number         0  hguard.o ABSOLUTE
    ../clib/heapalloc.c                      0x00000000   Number         0  maybetermalloc2.o ABSOLUTE
    ../clib/heapalloc.c                      0x00000000   Number         0  maybetermalloc2.o ABSOLUTE
    ../clib/heapalloc.c                      0x00000000   Number         0  hrguard.o ABSOLUTE
    ../clib/heapalloc.c                      0x00000000   Number         0  malloc.o ABSOLUTE
    ../clib/heapaux.c                        0x00000000   Number         0  heapauxa.o ABSOLUTE
    ../clib/heapaux.c                        0x00000000   Number         0  heapauxi.o ABSOLUTE
    ../clib/libinit.s                        0x00000000   Number         0  libinit2.o ABSOLUTE
    ../clib/libinit.s                        0x00000000   Number         0  libshutdown2.o ABSOLUTE
    ../clib/libinit.s                        0x00000000   Number         0  libinit.o ABSOLUTE
    ../clib/libinit.s                        0x00000000   Number         0  libshutdown.o ABSOLUTE
    ../clib/longlong.s                       0x00000000   Number         0  lludivv7m.o ABSOLUTE
    ../clib/memcpset.s                       0x00000000   Number         0  rt_memclr_w.o ABSOLUTE
    ../clib/memcpset.s                       0x00000000   Number         0  rt_memcpy_w.o ABSOLUTE
    ../clib/signal.c                         0x00000000   Number         0  __raise.o ABSOLUTE
    ../clib/signal.c                         0x00000000   Number         0  defsig_fpe_formal.o ABSOLUTE
    ../clib/signal.c                         0x00000000   Number         0  defsig_abrt_inner.o ABSOLUTE
    ../clib/signal.c                         0x00000000   Number         0  defsig_rtred_inner.o ABSOLUTE
    ../clib/signal.c                         0x00000000   Number         0  defsig_stak_inner.o ABSOLUTE
    ../clib/signal.c                         0x00000000   Number         0  defsig_rtmem_formal.o ABSOLUTE
    ../clib/signal.c                         0x00000000   Number         0  defsig_rtmem_inner.o ABSOLUTE
    ../clib/signal.c                         0x00000000   Number         0  defsig_cppl_inner.o ABSOLUTE
    ../clib/signal.c                         0x00000000   Number         0  defsig_general.o ABSOLUTE
    ../clib/signal.c                         0x00000000   Number         0  defsig_segv_inner.o ABSOLUTE
    ../clib/signal.c                         0x00000000   Number         0  defsig_fpe_inner.o ABSOLUTE
    ../clib/signal.c                         0x00000000   Number         0  defsig_other.o ABSOLUTE
    ../clib/signal.c                         0x00000000   Number         0  defsig_rtmem_outer.o ABSOLUTE
    ../clib/signal.c                         0x00000000   Number         0  defsig_pvfn_inner.o ABSOLUTE
    ../clib/signal.c                         0x00000000   Number         0  defsig_exit.o ABSOLUTE
    ../clib/signal.c                         0x00000000   Number         0  defsig_fpe_outer.o ABSOLUTE
    ../clib/signal.s                         0x00000000   Number         0  defsig.o ABSOLUTE
    ../clib/stdlib.c                         0x00000000   Number         0  exit.o ABSOLUTE
    ../fplib/fpinit.s                        0x00000000   Number         0  fpinit.o ABSOLUTE
    ..\..\ADS8699_Driver\ADS8699.c           0x00000000   Number         0  ads8699.o ABSOLUTE
    ..\..\shift register_driver\shift.c      0x00000000   Number         0  shift.o ABSOLUTE
    ..\Core\Src\main.c                       0x00000000   Number         0  main.o ABSOLUTE
    ..\Core\Src\stm32h7xx_hal_msp.c          0x00000000   Number         0  stm32h7xx_hal_msp.o ABSOLUTE
    ..\Core\Src\stm32h7xx_it.c               0x00000000   Number         0  stm32h7xx_it.o ABSOLUTE
    ..\Core\Src\system_stm32h7xx.c           0x00000000   Number         0  system_stm32h7xx.o ABSOLUTE
    ..\Drivers\STM32H7xx_HAL_Driver\Src\stm32h7xx_hal.c 0x00000000   Number         0  stm32h7xx_hal.o ABSOLUTE
    ..\Drivers\STM32H7xx_HAL_Driver\Src\stm32h7xx_hal_cortex.c 0x00000000   Number         0  stm32h7xx_hal_cortex.o ABSOLUTE
    ..\Drivers\STM32H7xx_HAL_Driver\Src\stm32h7xx_hal_dma.c 0x00000000   Number         0  stm32h7xx_hal_dma.o ABSOLUTE
    ..\Drivers\STM32H7xx_HAL_Driver\Src\stm32h7xx_hal_dma_ex.c 0x00000000   Number         0  stm32h7xx_hal_dma_ex.o ABSOLUTE
    ..\Drivers\STM32H7xx_HAL_Driver\Src\stm32h7xx_hal_exti.c 0x00000000   Number         0  stm32h7xx_hal_exti.o ABSOLUTE
    ..\Drivers\STM32H7xx_HAL_Driver\Src\stm32h7xx_hal_flash.c 0x00000000   Number         0  stm32h7xx_hal_flash.o ABSOLUTE
    ..\Drivers\STM32H7xx_HAL_Driver\Src\stm32h7xx_hal_flash_ex.c 0x00000000   Number         0  stm32h7xx_hal_flash_ex.o ABSOLUTE
    ..\Drivers\STM32H7xx_HAL_Driver\Src\stm32h7xx_hal_gpio.c 0x00000000   Number         0  stm32h7xx_hal_gpio.o ABSOLUTE
    ..\Drivers\STM32H7xx_HAL_Driver\Src\stm32h7xx_hal_hsem.c 0x00000000   Number         0  stm32h7xx_hal_hsem.o ABSOLUTE
    ..\Drivers\STM32H7xx_HAL_Driver\Src\stm32h7xx_hal_i2c.c 0x00000000   Number         0  stm32h7xx_hal_i2c.o ABSOLUTE
    ..\Drivers\STM32H7xx_HAL_Driver\Src\stm32h7xx_hal_i2c_ex.c 0x00000000   Number         0  stm32h7xx_hal_i2c_ex.o ABSOLUTE
    ..\Drivers\STM32H7xx_HAL_Driver\Src\stm32h7xx_hal_mdma.c 0x00000000   Number         0  stm32h7xx_hal_mdma.o ABSOLUTE
    ..\Drivers\STM32H7xx_HAL_Driver\Src\stm32h7xx_hal_pwr.c 0x00000000   Number         0  stm32h7xx_hal_pwr.o ABSOLUTE
    ..\Drivers\STM32H7xx_HAL_Driver\Src\stm32h7xx_hal_pwr_ex.c 0x00000000   Number         0  stm32h7xx_hal_pwr_ex.o ABSOLUTE
    ..\Drivers\STM32H7xx_HAL_Driver\Src\stm32h7xx_hal_rcc.c 0x00000000   Number         0  stm32h7xx_hal_rcc.o ABSOLUTE
    ..\Drivers\STM32H7xx_HAL_Driver\Src\stm32h7xx_hal_rcc_ex.c 0x00000000   Number         0  stm32h7xx_hal_rcc_ex.o ABSOLUTE
    ..\Drivers\STM32H7xx_HAL_Driver\Src\stm32h7xx_hal_spi.c 0x00000000   Number         0  stm32h7xx_hal_spi.o ABSOLUTE
    ..\Drivers\STM32H7xx_HAL_Driver\Src\stm32h7xx_hal_spi_ex.c 0x00000000   Number         0  stm32h7xx_hal_spi_ex.o ABSOLUTE
    ..\Drivers\STM32H7xx_HAL_Driver\Src\stm32h7xx_hal_tim.c 0x00000000   Number         0  stm32h7xx_hal_tim.o ABSOLUTE
    ..\Drivers\STM32H7xx_HAL_Driver\Src\stm32h7xx_hal_tim_ex.c 0x00000000   Number         0  stm32h7xx_hal_tim_ex.o ABSOLUTE
    ..\Drivers\STM32H7xx_HAL_Driver\Src\stm32h7xx_hal_uart.c 0x00000000   Number         0  stm32h7xx_hal_uart.o ABSOLUTE
    ..\Drivers\STM32H7xx_HAL_Driver\Src\stm32h7xx_hal_uart_ex.c 0x00000000   Number         0  stm32h7xx_hal_uart_ex.o ABSOLUTE
    ..\\..\\ADS8699_Driver\\ADS8699.c        0x00000000   Number         0  ads8699.o ABSOLUTE
    ..\\..\\shift register_driver\\shift.c   0x00000000   Number         0  shift.o ABSOLUTE
    dc.s                                     0x00000000   Number         0  dc.o ABSOLUTE
    startup_stm32h743xx.s                    0x00000000   Number         0  startup_stm32h743xx.o ABSOLUTE
    RESET                                    0x08000000   Section      664  startup_stm32h743xx.o(RESET)
    !!!main                                  0x08000298   Section        8  __main.o(!!!main)
    !!!scatter                               0x080002a0   Section       52  __scatter.o(!!!scatter)
    !!handler_copy                           0x080002d4   Section       26  __scatter_copy.o(!!handler_copy)
    !!handler_zi                             0x080002f0   Section       28  __scatter_zi.o(!!handler_zi)
    .ARM.Collect$$libinit$$00000000          0x0800030c   Section        2  libinit.o(.ARM.Collect$$libinit$$00000000)
    .ARM.Collect$$libinit$$00000001          0x0800030e   Section        4  libinit2.o(.ARM.Collect$$libinit$$00000001)
    .ARM.Collect$$libinit$$00000004          0x08000312   Section        0  libinit2.o(.ARM.Collect$$libinit$$00000004)
    .ARM.Collect$$libinit$$0000000A          0x08000312   Section        0  libinit2.o(.ARM.Collect$$libinit$$0000000A)
    .ARM.Collect$$libinit$$0000000C          0x08000312   Section        0  libinit2.o(.ARM.Collect$$libinit$$0000000C)
    .ARM.Collect$$libinit$$0000000E          0x08000312   Section        0  libinit2.o(.ARM.Collect$$libinit$$0000000E)
    .ARM.Collect$$libinit$$00000011          0x08000312   Section        0  libinit2.o(.ARM.Collect$$libinit$$00000011)
    .ARM.Collect$$libinit$$00000013          0x08000312   Section        0  libinit2.o(.ARM.Collect$$libinit$$00000013)
    .ARM.Collect$$libinit$$00000015          0x08000312   Section        0  libinit2.o(.ARM.Collect$$libinit$$00000015)
    .ARM.Collect$$libinit$$00000017          0x08000312   Section        0  libinit2.o(.ARM.Collect$$libinit$$00000017)
    .ARM.Collect$$libinit$$00000019          0x08000312   Section        0  libinit2.o(.ARM.Collect$$libinit$$00000019)
    .ARM.Collect$$libinit$$0000001B          0x08000312   Section        0  libinit2.o(.ARM.Collect$$libinit$$0000001B)
    .ARM.Collect$$libinit$$0000001D          0x08000312   Section        0  libinit2.o(.ARM.Collect$$libinit$$0000001D)
    .ARM.Collect$$libinit$$0000001F          0x08000312   Section        0  libinit2.o(.ARM.Collect$$libinit$$0000001F)
    .ARM.Collect$$libinit$$00000021          0x08000312   Section        0  libinit2.o(.ARM.Collect$$libinit$$00000021)
    .ARM.Collect$$libinit$$00000023          0x08000312   Section        0  libinit2.o(.ARM.Collect$$libinit$$00000023)
    .ARM.Collect$$libinit$$00000025          0x08000312   Section        0  libinit2.o(.ARM.Collect$$libinit$$00000025)
    .ARM.Collect$$libinit$$0000002C          0x08000312   Section        0  libinit2.o(.ARM.Collect$$libinit$$0000002C)
    .ARM.Collect$$libinit$$0000002E          0x08000312   Section        0  libinit2.o(.ARM.Collect$$libinit$$0000002E)
    .ARM.Collect$$libinit$$00000030          0x08000312   Section        0  libinit2.o(.ARM.Collect$$libinit$$00000030)
    .ARM.Collect$$libinit$$00000032          0x08000312   Section        0  libinit2.o(.ARM.Collect$$libinit$$00000032)
    .ARM.Collect$$libinit$$00000033          0x08000312   Section        2  libinit2.o(.ARM.Collect$$libinit$$00000033)
    .ARM.Collect$$libshutdown$$00000000      0x08000314   Section        2  libshutdown.o(.ARM.Collect$$libshutdown$$00000000)
    .ARM.Collect$$libshutdown$$00000002      0x08000316   Section        0  libshutdown2.o(.ARM.Collect$$libshutdown$$00000002)
    .ARM.Collect$$libshutdown$$00000004      0x08000316   Section        0  libshutdown2.o(.ARM.Collect$$libshutdown$$00000004)
    .ARM.Collect$$libshutdown$$00000006      0x08000316   Section        0  libshutdown2.o(.ARM.Collect$$libshutdown$$00000006)
    .ARM.Collect$$libshutdown$$00000009      0x08000316   Section        0  libshutdown2.o(.ARM.Collect$$libshutdown$$00000009)
    .ARM.Collect$$libshutdown$$0000000C      0x08000316   Section        0  libshutdown2.o(.ARM.Collect$$libshutdown$$0000000C)
    .ARM.Collect$$libshutdown$$0000000E      0x08000316   Section        0  libshutdown2.o(.ARM.Collect$$libshutdown$$0000000E)
    .ARM.Collect$$libshutdown$$00000011      0x08000316   Section        0  libshutdown2.o(.ARM.Collect$$libshutdown$$00000011)
    .ARM.Collect$$libshutdown$$00000012      0x08000316   Section        2  libshutdown2.o(.ARM.Collect$$libshutdown$$00000012)
    .ARM.Collect$$rtentry$$00000000          0x08000318   Section        0  __rtentry.o(.ARM.Collect$$rtentry$$00000000)
    .ARM.Collect$$rtentry$$00000002          0x08000318   Section        0  __rtentry2.o(.ARM.Collect$$rtentry$$00000002)
    .ARM.Collect$$rtentry$$00000004          0x08000318   Section        6  __rtentry4.o(.ARM.Collect$$rtentry$$00000004)
    .ARM.Collect$$rtentry$$00000009          0x0800031e   Section        0  __rtentry2.o(.ARM.Collect$$rtentry$$00000009)
    .ARM.Collect$$rtentry$$0000000A          0x0800031e   Section        4  __rtentry2.o(.ARM.Collect$$rtentry$$0000000A)
    .ARM.Collect$$rtentry$$0000000C          0x08000322   Section        0  __rtentry2.o(.ARM.Collect$$rtentry$$0000000C)
    .ARM.Collect$$rtentry$$0000000D          0x08000322   Section        8  __rtentry2.o(.ARM.Collect$$rtentry$$0000000D)
    .ARM.Collect$$rtexit$$00000000           0x0800032a   Section        2  rtexit.o(.ARM.Collect$$rtexit$$00000000)
    .ARM.Collect$$rtexit$$00000002           0x0800032c   Section        0  rtexit2.o(.ARM.Collect$$rtexit$$00000002)
    .ARM.Collect$$rtexit$$00000003           0x0800032c   Section        4  rtexit2.o(.ARM.Collect$$rtexit$$00000003)
    .ARM.Collect$$rtexit$$00000004           0x08000330   Section        6  rtexit2.o(.ARM.Collect$$rtexit$$00000004)
    .text                                    0x08000338   Section       64  startup_stm32h743xx.o(.text)
    $v0                                      0x08000338   Number         0  startup_stm32h743xx.o(.text)
    .text                                    0x08000378   Section      238  lludivv7m.o(.text)
    .text                                    0x08000466   Section      100  rt_memcpy_w.o(.text)
    .text                                    0x080004ca   Section       78  rt_memclr_w.o(.text)
    .text                                    0x08000518   Section        0  heapauxi.o(.text)
    .text                                    0x08000520   Section        8  libspace.o(.text)
    .text                                    0x08000528   Section        2  use_no_semi.o(.text)
    .text                                    0x0800052a   Section       74  sys_stackheap_outer.o(.text)
    .text                                    0x0800052a   Section        0  indicate_semi.o(.text)
    .text                                    0x08000574   Section        0  exit.o(.text)
    .text                                    0x08000588   Section        0  sys_exit.o(.text)
    i.BusFault_Handler                       0x08000594   Section        0  stm32h7xx_it.o(i.BusFault_Handler)
    i.CAL_ADC_ThermoCoupleModule_Configuration 0x08000598   Section        0  ads8699.o(i.CAL_ADC_ThermoCoupleModule_Configuration)
    i.CAL_ADC_ThermoCoupleModule_Read_Data   0x08000780   Section        0  ads8699.o(i.CAL_ADC_ThermoCoupleModule_Read_Data)
    i.CAL_ADS8699_Configuration              0x080007b8   Section        0  ads8699.o(i.CAL_ADS8699_Configuration)
    i.CAL_ADS8699_Read_Data                  0x0800098c   Section        0  ads8699.o(i.CAL_ADS8699_Read_Data)
    i.CAL_WriteShiftRegister                 0x080009c0   Section        0  shift.o(i.CAL_WriteShiftRegister)
    i.CAL_writeShiftRegister1                0x08000a18   Section        0  main.o(i.CAL_writeShiftRegister1)
    i.DebugMon_Handler                       0x08000a70   Section        0  stm32h7xx_it.o(i.DebugMon_Handler)
    i.Error_Handler                          0x08000a72   Section        0  main.o(i.Error_Handler)
    i.HAL_DMA_Abort                          0x08000a78   Section        0  stm32h7xx_hal_dma.o(i.HAL_DMA_Abort)
    i.HAL_DMA_Abort_IT                       0x08000ddc   Section        0  stm32h7xx_hal_dma.o(i.HAL_DMA_Abort_IT)
    i.HAL_Delay                              0x08001060   Section        0  stm32h7xx_hal.o(i.HAL_Delay)
    i.HAL_GPIO_Init                          0x08001084   Section        0  stm32h7xx_hal_gpio.o(i.HAL_GPIO_Init)
    i.HAL_GPIO_WritePin                      0x080012b4   Section        0  stm32h7xx_hal_gpio.o(i.HAL_GPIO_WritePin)
    i.HAL_GetREVID                           0x080012c0   Section        0  stm32h7xx_hal.o(i.HAL_GetREVID)
    i.HAL_GetTick                            0x080012cc   Section        0  stm32h7xx_hal.o(i.HAL_GetTick)
    i.HAL_IncTick                            0x080012d8   Section        0  stm32h7xx_hal.o(i.HAL_IncTick)
    i.HAL_Init                               0x080012e8   Section        0  stm32h7xx_hal.o(i.HAL_Init)
    i.HAL_InitTick                           0x08001344   Section        0  stm32h7xx_hal.o(i.HAL_InitTick)
    i.HAL_MspInit                            0x08001384   Section        0  stm32h7xx_hal_msp.o(i.HAL_MspInit)
    i.HAL_NVIC_EnableIRQ                     0x080013a0   Section        0  stm32h7xx_hal_cortex.o(i.HAL_NVIC_EnableIRQ)
    i.HAL_NVIC_SetPriority                   0x080013bc   Section        0  stm32h7xx_hal_cortex.o(i.HAL_NVIC_SetPriority)
    i.HAL_NVIC_SetPriorityGrouping           0x080013fc   Section        0  stm32h7xx_hal_cortex.o(i.HAL_NVIC_SetPriorityGrouping)
    i.HAL_PWREx_ConfigSupply                 0x08001420   Section        0  stm32h7xx_hal_pwr_ex.o(i.HAL_PWREx_ConfigSupply)
    i.HAL_RCCEx_GetD3PCLK1Freq               0x08001474   Section        0  stm32h7xx_hal_rcc_ex.o(i.HAL_RCCEx_GetD3PCLK1Freq)
    i.HAL_RCCEx_GetPLL2ClockFreq             0x08001498   Section        0  stm32h7xx_hal_rcc_ex.o(i.HAL_RCCEx_GetPLL2ClockFreq)
    i.HAL_RCCEx_GetPLL3ClockFreq             0x080015dc   Section        0  stm32h7xx_hal_rcc_ex.o(i.HAL_RCCEx_GetPLL3ClockFreq)
    i.HAL_RCCEx_PeriphCLKConfig              0x08001720   Section        0  stm32h7xx_hal_rcc_ex.o(i.HAL_RCCEx_PeriphCLKConfig)
    i.HAL_RCC_ClockConfig                    0x08001ff4   Section        0  stm32h7xx_hal_rcc.o(i.HAL_RCC_ClockConfig)
    i.HAL_RCC_GetHCLKFreq                    0x08002250   Section        0  stm32h7xx_hal_rcc.o(i.HAL_RCC_GetHCLKFreq)
    i.HAL_RCC_GetPCLK1Freq                   0x08002294   Section        0  stm32h7xx_hal_rcc.o(i.HAL_RCC_GetPCLK1Freq)
    i.HAL_RCC_GetPCLK2Freq                   0x080022b8   Section        0  stm32h7xx_hal_rcc.o(i.HAL_RCC_GetPCLK2Freq)
    i.HAL_RCC_GetSysClockFreq                0x080022dc   Section        0  stm32h7xx_hal_rcc.o(i.HAL_RCC_GetSysClockFreq)
    i.HAL_RCC_OscConfig                      0x08002414   Section        0  stm32h7xx_hal_rcc.o(i.HAL_RCC_OscConfig)
    i.HAL_SPI_GetState                       0x0800291c   Section        0  stm32h7xx_hal_spi.o(i.HAL_SPI_GetState)
    i.HAL_SPI_Init                           0x08002924   Section        0  stm32h7xx_hal_spi.o(i.HAL_SPI_Init)
    i.HAL_SPI_MspInit                        0x08002a74   Section        0  stm32h7xx_hal_msp.o(i.HAL_SPI_MspInit)
    i.HAL_SPI_Receive                        0x08002cd8   Section        0  stm32h7xx_hal_spi.o(i.HAL_SPI_Receive)
    i.HAL_SPI_Transmit                       0x08002f26   Section        0  stm32h7xx_hal_spi.o(i.HAL_SPI_Transmit)
    i.HAL_SPI_TransmitReceive                0x0800315c   Section        0  stm32h7xx_hal_spi.o(i.HAL_SPI_TransmitReceive)
    i.HAL_SYSTICK_Config                     0x0800347c   Section        0  stm32h7xx_hal_cortex.o(i.HAL_SYSTICK_Config)
    i.HAL_UARTEx_DisableFifoMode             0x080034a2   Section        0  stm32h7xx_hal_uart_ex.o(i.HAL_UARTEx_DisableFifoMode)
    i.HAL_UARTEx_RxEventCallback             0x080034e2   Section        0  stm32h7xx_hal_uart.o(i.HAL_UARTEx_RxEventCallback)
    i.HAL_UARTEx_RxFifoFullCallback          0x080034e4   Section        0  stm32h7xx_hal_uart_ex.o(i.HAL_UARTEx_RxFifoFullCallback)
    i.HAL_UARTEx_SetRxFifoThreshold          0x080034e6   Section        0  stm32h7xx_hal_uart_ex.o(i.HAL_UARTEx_SetRxFifoThreshold)
    i.HAL_UARTEx_SetTxFifoThreshold          0x08003532   Section        0  stm32h7xx_hal_uart_ex.o(i.HAL_UARTEx_SetTxFifoThreshold)
    i.HAL_UARTEx_TxFifoEmptyCallback         0x0800357e   Section        0  stm32h7xx_hal_uart_ex.o(i.HAL_UARTEx_TxFifoEmptyCallback)
    i.HAL_UARTEx_WakeupCallback              0x08003580   Section        0  stm32h7xx_hal_uart_ex.o(i.HAL_UARTEx_WakeupCallback)
    i.HAL_UART_ErrorCallback                 0x08003582   Section        0  stm32h7xx_hal_uart.o(i.HAL_UART_ErrorCallback)
    i.HAL_UART_IRQHandler                    0x08003584   Section        0  stm32h7xx_hal_uart.o(i.HAL_UART_IRQHandler)
    i.HAL_UART_Init                          0x08003888   Section        0  stm32h7xx_hal_uart.o(i.HAL_UART_Init)
    i.HAL_UART_MspInit                       0x080038f4   Section        0  stm32h7xx_hal_msp.o(i.HAL_UART_MspInit)
    i.HAL_UART_Receive_IT                    0x0800396c   Section        0  stm32h7xx_hal_uart.o(i.HAL_UART_Receive_IT)
    i.HAL_UART_RxCpltCallback                0x080039b8   Section        0  main.o(i.HAL_UART_RxCpltCallback)
    i.HAL_UART_Transmit                      0x080039dc   Section        0  stm32h7xx_hal_uart.o(i.HAL_UART_Transmit)
    i.HAL_UART_TxCpltCallback                0x08003a9a   Section        0  stm32h7xx_hal_uart.o(i.HAL_UART_TxCpltCallback)
    i.HardFault_Handler                      0x08003a9c   Section        0  stm32h7xx_it.o(i.HardFault_Handler)
    i.MX_GPIO_Init                           0x08003aa0   Section        0  main.o(i.MX_GPIO_Init)
    MX_GPIO_Init                             0x08003aa1   Thumb Code   330  main.o(i.MX_GPIO_Init)
    i.MX_SPI1_Init                           0x08003c04   Section        0  main.o(i.MX_SPI1_Init)
    MX_SPI1_Init                             0x08003c05   Thumb Code    80  main.o(i.MX_SPI1_Init)
    i.MX_SPI2_Init                           0x08003c5c   Section        0  main.o(i.MX_SPI2_Init)
    MX_SPI2_Init                             0x08003c5d   Thumb Code    80  main.o(i.MX_SPI2_Init)
    i.MX_SPI3_Init                           0x08003cb4   Section        0  main.o(i.MX_SPI3_Init)
    MX_SPI3_Init                             0x08003cb5   Thumb Code    80  main.o(i.MX_SPI3_Init)
    i.MX_SPI4_Init                           0x08003d0c   Section        0  main.o(i.MX_SPI4_Init)
    MX_SPI4_Init                             0x08003d0d   Thumb Code    76  main.o(i.MX_SPI4_Init)
    i.MX_SPI5_Init                           0x08003d60   Section        0  main.o(i.MX_SPI5_Init)
    MX_SPI5_Init                             0x08003d61   Thumb Code    76  main.o(i.MX_SPI5_Init)
    i.MX_UART4_Init                          0x08003db4   Section        0  main.o(i.MX_UART4_Init)
    MX_UART4_Init                            0x08003db5   Thumb Code    90  main.o(i.MX_UART4_Init)
    i.MemManage_Handler                      0x08003e18   Section        0  stm32h7xx_it.o(i.MemManage_Handler)
    i.NMI_Handler                            0x08003e1a   Section        0  stm32h7xx_it.o(i.NMI_Handler)
    i.PendSV_Handler                         0x08003e1c   Section        0  stm32h7xx_it.o(i.PendSV_Handler)
    i.PeriphCommonClock_Config               0x08003e20   Section        0  main.o(i.PeriphCommonClock_Config)
    i.RCCEx_PLL2_Config                      0x08003e6c   Section        0  stm32h7xx_hal_rcc_ex.o(i.RCCEx_PLL2_Config)
    RCCEx_PLL2_Config                        0x08003e6d   Thumb Code   284  stm32h7xx_hal_rcc_ex.o(i.RCCEx_PLL2_Config)
    i.RCCEx_PLL3_Config                      0x08003f8c   Section        0  stm32h7xx_hal_rcc_ex.o(i.RCCEx_PLL3_Config)
    RCCEx_PLL3_Config                        0x08003f8d   Thumb Code   284  stm32h7xx_hal_rcc_ex.o(i.RCCEx_PLL3_Config)
    i.SPI_CloseTransfer                      0x080040ac   Section        0  stm32h7xx_hal_spi.o(i.SPI_CloseTransfer)
    SPI_CloseTransfer                        0x080040ad   Thumb Code   188  stm32h7xx_hal_spi.o(i.SPI_CloseTransfer)
    i.SPI_WaitOnFlagUntilTimeout             0x08004168   Section        0  stm32h7xx_hal_spi.o(i.SPI_WaitOnFlagUntilTimeout)
    SPI_WaitOnFlagUntilTimeout               0x08004169   Thumb Code    66  stm32h7xx_hal_spi.o(i.SPI_WaitOnFlagUntilTimeout)
    i.SVC_Handler                            0x080041aa   Section        0  stm32h7xx_it.o(i.SVC_Handler)
    i.SysTick_Handler                        0x080041ac   Section        0  stm32h7xx_it.o(i.SysTick_Handler)
    i.SystemClock_Config                     0x080041b0   Section        0  main.o(i.SystemClock_Config)
    i.SystemInit                             0x0800424c   Section        0  system_stm32h7xx.o(i.SystemInit)
    i.Thermo_Couple_Channel_Select_Data      0x08004330   Section        0  ads8699.o(i.Thermo_Couple_Channel_Select_Data)
    i.Thermo_Couple_Channel_Select_Data1     0x0800434e   Section        0  ads8699.o(i.Thermo_Couple_Channel_Select_Data1)
    i.UART4_IRQHandler                       0x0800436c   Section        0  stm32h7xx_it.o(i.UART4_IRQHandler)
    i.UARTEx_SetNbDataToProcess              0x08004378   Section        0  stm32h7xx_hal_uart_ex.o(i.UARTEx_SetNbDataToProcess)
    UARTEx_SetNbDataToProcess                0x08004379   Thumb Code    62  stm32h7xx_hal_uart_ex.o(i.UARTEx_SetNbDataToProcess)
    i.UART_AdvFeatureConfig                  0x080043bc   Section        0  stm32h7xx_hal_uart.o(i.UART_AdvFeatureConfig)
    i.UART_CheckIdleState                    0x08004484   Section        0  stm32h7xx_hal_uart.o(i.UART_CheckIdleState)
    i.UART_DMAAbortOnError                   0x080044e4   Section        0  stm32h7xx_hal_uart.o(i.UART_DMAAbortOnError)
    UART_DMAAbortOnError                     0x080044e5   Thumb Code    20  stm32h7xx_hal_uart.o(i.UART_DMAAbortOnError)
    i.UART_EndRxTransfer                     0x080044f8   Section        0  stm32h7xx_hal_uart.o(i.UART_EndRxTransfer)
    UART_EndRxTransfer                       0x080044f9   Thumb Code    50  stm32h7xx_hal_uart.o(i.UART_EndRxTransfer)
    i.UART_RxISR_16BIT                       0x08004530   Section        0  stm32h7xx_hal_uart.o(i.UART_RxISR_16BIT)
    UART_RxISR_16BIT                         0x08004531   Thumb Code   128  stm32h7xx_hal_uart.o(i.UART_RxISR_16BIT)
    i.UART_RxISR_16BIT_FIFOEN                0x080045b0   Section        0  stm32h7xx_hal_uart.o(i.UART_RxISR_16BIT_FIFOEN)
    UART_RxISR_16BIT_FIFOEN                  0x080045b1   Thumb Code   318  stm32h7xx_hal_uart.o(i.UART_RxISR_16BIT_FIFOEN)
    i.UART_RxISR_8BIT                        0x080046f8   Section        0  stm32h7xx_hal_uart.o(i.UART_RxISR_8BIT)
    UART_RxISR_8BIT                          0x080046f9   Thumb Code   128  stm32h7xx_hal_uart.o(i.UART_RxISR_8BIT)
    i.UART_RxISR_8BIT_FIFOEN                 0x08004778   Section        0  stm32h7xx_hal_uart.o(i.UART_RxISR_8BIT_FIFOEN)
    UART_RxISR_8BIT_FIFOEN                   0x08004779   Thumb Code   318  stm32h7xx_hal_uart.o(i.UART_RxISR_8BIT_FIFOEN)
    i.UART_SetConfig                         0x080048c0   Section        0  stm32h7xx_hal_uart.o(i.UART_SetConfig)
    i.UART_Start_Receive_IT                  0x08004c6c   Section        0  stm32h7xx_hal_uart.o(i.UART_Start_Receive_IT)
    i.UART_WaitOnFlagUntilTimeout            0x08004d44   Section        0  stm32h7xx_hal_uart.o(i.UART_WaitOnFlagUntilTimeout)
    i.UsageFault_Handler                     0x08004de8   Section        0  stm32h7xx_it.o(i.UsageFault_Handler)
    i.__NVIC_SetPriority                     0x08004dea   Section        0  stm32h7xx_hal_cortex.o(i.__NVIC_SetPriority)
    __NVIC_SetPriority                       0x08004deb   Thumb Code    34  stm32h7xx_hal_cortex.o(i.__NVIC_SetPriority)
    i.main                                   0x08004e0c   Section        0  main.o(i.main)
    x$fpl$fpinit                             0x080051e4   Section       10  fpinit.o(x$fpl$fpinit)
    $v0                                      0x080051e4   Number         0  fpinit.o(x$fpl$fpinit)
    .constdata                               0x080051ee   Section       24  stm32h7xx_hal_uart.o(.constdata)
    .constdata                               0x08005206   Section       16  stm32h7xx_hal_uart_ex.o(.constdata)
    numerator                                0x08005206   Data           8  stm32h7xx_hal_uart_ex.o(.constdata)
    denominator                              0x0800520e   Data           8  stm32h7xx_hal_uart_ex.o(.constdata)
    .constdata                               0x08005216   Section       16  system_stm32h7xx.o(.constdata)
    .data                                    0x24000000   Section       12  main.o(.data)
    .data                                    0x2400000c   Section       12  stm32h7xx_hal.o(.data)
    .data                                    0x24000018   Section        8  system_stm32h7xx.o(.data)
    .data                                    0x24000020   Section       14  ads8699.o(.data)
    .bss                                     0x24000030   Section      889  main.o(.bss)
    .bss                                     0x240003ac   Section       96  libspace.o(.bss)
    HEAP                                     0x24000410   Section      512  startup_stm32h743xx.o(HEAP)
    Heap_Mem                                 0x24000410   Data         512  startup_stm32h743xx.o(HEAP)
    STACK                                    0x24000610   Section     1024  startup_stm32h743xx.o(STACK)
    Stack_Mem                                0x24000610   Data        1024  startup_stm32h743xx.o(STACK)
    __initial_sp                             0x24000a10   Data           0  startup_stm32h743xx.o(STACK)

    Global Symbols

    Symbol Name                              Value     Ov Type        Size  Object(Section)

    BuildAttributes$$THM_ISAv4$E$P$D$K$B$S$7EM$VFPv5_D16$PE$PLD8$A:L22UL41UL21$X:L11$S22US41US21$IEEE1$IW$USESV6$~STKCKD$USESV7$~SHL$OTIME$ROPI$EBA8$UX$STANDARDLIB$REQ8$PRES8$EABIv2 0x00000000   Number         0  anon$$obj.o ABSOLUTE
    __ARM_use_no_argv                        0x00000000   Number         0  main.o ABSOLUTE
    __ARM_exceptions_init                     - Undefined Weak Reference
    __alloca_initialize                       - Undefined Weak Reference
    __arm_fini_                               - Undefined Weak Reference
    __arm_preinit_                            - Undefined Weak Reference
    __cpp_initialize__aeabi_                  - Undefined Weak Reference
    __cxa_finalize                            - Undefined Weak Reference
    __rt_locale                               - Undefined Weak Reference
    __sigvec_lookup                           - Undefined Weak Reference
    __user_heap_extent                        - Undefined Weak Reference
    _atexit_init                              - Undefined Weak Reference
    _call_atexit_fns                          - Undefined Weak Reference
    _clock_init                               - Undefined Weak Reference
    _fp_trap_init                             - Undefined Weak Reference
    _fp_trap_shutdown                         - Undefined Weak Reference
    _get_lc_collate                           - Undefined Weak Reference
    _get_lc_ctype                             - Undefined Weak Reference
    _get_lc_monetary                          - Undefined Weak Reference
    _get_lc_numeric                           - Undefined Weak Reference
    _get_lc_time                              - Undefined Weak Reference
    _getenv_init                              - Undefined Weak Reference
    _handle_redirection                       - Undefined Weak Reference
    _initio                                   - Undefined Weak Reference
    _mutex_acquire                            - Undefined Weak Reference
    _mutex_free                               - Undefined Weak Reference
    _mutex_release                            - Undefined Weak Reference
    _rand_init                                - Undefined Weak Reference
    _signal_finish                            - Undefined Weak Reference
    _signal_init                              - Undefined Weak Reference
    _terminateio                              - Undefined Weak Reference
    __Vectors_Size                           0x00000298   Number         0  startup_stm32h743xx.o ABSOLUTE
    __Vectors                                0x08000000   Data           4  startup_stm32h743xx.o(RESET)
    __Vectors_End                            0x08000298   Data           0  startup_stm32h743xx.o(RESET)
    __main                                   0x08000299   Thumb Code     8  __main.o(!!!main)
    __scatterload                            0x080002a1   Thumb Code     0  __scatter.o(!!!scatter)
    __scatterload_rt2                        0x080002a1   Thumb Code    44  __scatter.o(!!!scatter)
    __scatterload_rt2_thumb_only             0x080002a1   Thumb Code     0  __scatter.o(!!!scatter)
    __scatterload_null                       0x080002af   Thumb Code     0  __scatter.o(!!!scatter)
    __scatterload_copy                       0x080002d5   Thumb Code    26  __scatter_copy.o(!!handler_copy)
    __scatterload_zeroinit                   0x080002f1   Thumb Code    28  __scatter_zi.o(!!handler_zi)
    __rt_lib_init                            0x0800030d   Thumb Code     0  libinit.o(.ARM.Collect$$libinit$$00000000)
    __rt_lib_init_fp_1                       0x0800030f   Thumb Code     0  libinit2.o(.ARM.Collect$$libinit$$00000001)
    __rt_lib_init_alloca_1                   0x08000313   Thumb Code     0  libinit2.o(.ARM.Collect$$libinit$$0000002E)
    __rt_lib_init_argv_1                     0x08000313   Thumb Code     0  libinit2.o(.ARM.Collect$$libinit$$0000002C)
    __rt_lib_init_atexit_1                   0x08000313   Thumb Code     0  libinit2.o(.ARM.Collect$$libinit$$0000001B)
    __rt_lib_init_clock_1                    0x08000313   Thumb Code     0  libinit2.o(.ARM.Collect$$libinit$$00000021)
    __rt_lib_init_cpp_1                      0x08000313   Thumb Code     0  libinit2.o(.ARM.Collect$$libinit$$00000032)
    __rt_lib_init_exceptions_1               0x08000313   Thumb Code     0  libinit2.o(.ARM.Collect$$libinit$$00000030)
    __rt_lib_init_fp_trap_1                  0x08000313   Thumb Code     0  libinit2.o(.ARM.Collect$$libinit$$0000001F)
    __rt_lib_init_getenv_1                   0x08000313   Thumb Code     0  libinit2.o(.ARM.Collect$$libinit$$00000023)
    __rt_lib_init_heap_1                     0x08000313   Thumb Code     0  libinit2.o(.ARM.Collect$$libinit$$0000000A)
    __rt_lib_init_lc_collate_1               0x08000313   Thumb Code     0  libinit2.o(.ARM.Collect$$libinit$$00000011)
    __rt_lib_init_lc_ctype_1                 0x08000313   Thumb Code     0  libinit2.o(.ARM.Collect$$libinit$$00000013)
    __rt_lib_init_lc_monetary_1              0x08000313   Thumb Code     0  libinit2.o(.ARM.Collect$$libinit$$00000015)
    __rt_lib_init_lc_numeric_1               0x08000313   Thumb Code     0  libinit2.o(.ARM.Collect$$libinit$$00000017)
    __rt_lib_init_lc_time_1                  0x08000313   Thumb Code     0  libinit2.o(.ARM.Collect$$libinit$$00000019)
    __rt_lib_init_preinit_1                  0x08000313   Thumb Code     0  libinit2.o(.ARM.Collect$$libinit$$00000004)
    __rt_lib_init_rand_1                     0x08000313   Thumb Code     0  libinit2.o(.ARM.Collect$$libinit$$0000000E)
    __rt_lib_init_return                     0x08000313   Thumb Code     0  libinit2.o(.ARM.Collect$$libinit$$00000033)
    __rt_lib_init_signal_1                   0x08000313   Thumb Code     0  libinit2.o(.ARM.Collect$$libinit$$0000001D)
    __rt_lib_init_stdio_1                    0x08000313   Thumb Code     0  libinit2.o(.ARM.Collect$$libinit$$00000025)
    __rt_lib_init_user_alloc_1               0x08000313   Thumb Code     0  libinit2.o(.ARM.Collect$$libinit$$0000000C)
    __rt_lib_shutdown                        0x08000315   Thumb Code     0  libshutdown.o(.ARM.Collect$$libshutdown$$00000000)
    __rt_lib_shutdown_cpp_1                  0x08000317   Thumb Code     0  libshutdown2.o(.ARM.Collect$$libshutdown$$00000004)
    __rt_lib_shutdown_fini_1                 0x08000317   Thumb Code     0  libshutdown2.o(.ARM.Collect$$libshutdown$$00000002)
    __rt_lib_shutdown_fp_trap_1              0x08000317   Thumb Code     0  libshutdown2.o(.ARM.Collect$$libshutdown$$00000009)
    __rt_lib_shutdown_heap_1                 0x08000317   Thumb Code     0  libshutdown2.o(.ARM.Collect$$libshutdown$$00000011)
    __rt_lib_shutdown_return                 0x08000317   Thumb Code     0  libshutdown2.o(.ARM.Collect$$libshutdown$$00000012)
    __rt_lib_shutdown_signal_1               0x08000317   Thumb Code     0  libshutdown2.o(.ARM.Collect$$libshutdown$$0000000C)
    __rt_lib_shutdown_stdio_1                0x08000317   Thumb Code     0  libshutdown2.o(.ARM.Collect$$libshutdown$$00000006)
    __rt_lib_shutdown_user_alloc_1           0x08000317   Thumb Code     0  libshutdown2.o(.ARM.Collect$$libshutdown$$0000000E)
    __rt_entry                               0x08000319   Thumb Code     0  __rtentry.o(.ARM.Collect$$rtentry$$00000000)
    __rt_entry_presh_1                       0x08000319   Thumb Code     0  __rtentry2.o(.ARM.Collect$$rtentry$$00000002)
    __rt_entry_sh                            0x08000319   Thumb Code     0  __rtentry4.o(.ARM.Collect$$rtentry$$00000004)
    __rt_entry_li                            0x0800031f   Thumb Code     0  __rtentry2.o(.ARM.Collect$$rtentry$$0000000A)
    __rt_entry_postsh_1                      0x0800031f   Thumb Code     0  __rtentry2.o(.ARM.Collect$$rtentry$$00000009)
    __rt_entry_main                          0x08000323   Thumb Code     0  __rtentry2.o(.ARM.Collect$$rtentry$$0000000D)
    __rt_entry_postli_1                      0x08000323   Thumb Code     0  __rtentry2.o(.ARM.Collect$$rtentry$$0000000C)
    __rt_exit                                0x0800032b   Thumb Code     0  rtexit.o(.ARM.Collect$$rtexit$$00000000)
    __rt_exit_ls                             0x0800032d   Thumb Code     0  rtexit2.o(.ARM.Collect$$rtexit$$00000003)
    __rt_exit_prels_1                        0x0800032d   Thumb Code     0  rtexit2.o(.ARM.Collect$$rtexit$$00000002)
    __rt_exit_exit                           0x08000331   Thumb Code     0  rtexit2.o(.ARM.Collect$$rtexit$$00000004)
    Reset_Handler                            0x08000339   Thumb Code     8  startup_stm32h743xx.o(.text)
    ADC3_IRQHandler                          0x08000353   Thumb Code     0  startup_stm32h743xx.o(.text)
    ADC_IRQHandler                           0x08000353   Thumb Code     0  startup_stm32h743xx.o(.text)
    BDMA_Channel0_IRQHandler                 0x08000353   Thumb Code     0  startup_stm32h743xx.o(.text)
    BDMA_Channel1_IRQHandler                 0x08000353   Thumb Code     0  startup_stm32h743xx.o(.text)
    BDMA_Channel2_IRQHandler                 0x08000353   Thumb Code     0  startup_stm32h743xx.o(.text)
    BDMA_Channel3_IRQHandler                 0x08000353   Thumb Code     0  startup_stm32h743xx.o(.text)
    BDMA_Channel4_IRQHandler                 0x08000353   Thumb Code     0  startup_stm32h743xx.o(.text)
    BDMA_Channel5_IRQHandler                 0x08000353   Thumb Code     0  startup_stm32h743xx.o(.text)
    BDMA_Channel6_IRQHandler                 0x08000353   Thumb Code     0  startup_stm32h743xx.o(.text)
    BDMA_Channel7_IRQHandler                 0x08000353   Thumb Code     0  startup_stm32h743xx.o(.text)
    CEC_IRQHandler                           0x08000353   Thumb Code     0  startup_stm32h743xx.o(.text)
    COMP1_IRQHandler                         0x08000353   Thumb Code     0  startup_stm32h743xx.o(.text)
    CRS_IRQHandler                           0x08000353   Thumb Code     0  startup_stm32h743xx.o(.text)
    DCMI_IRQHandler                          0x08000353   Thumb Code     0  startup_stm32h743xx.o(.text)
    DFSDM1_FLT0_IRQHandler                   0x08000353   Thumb Code     0  startup_stm32h743xx.o(.text)
    DFSDM1_FLT1_IRQHandler                   0x08000353   Thumb Code     0  startup_stm32h743xx.o(.text)
    DFSDM1_FLT2_IRQHandler                   0x08000353   Thumb Code     0  startup_stm32h743xx.o(.text)
    DFSDM1_FLT3_IRQHandler                   0x08000353   Thumb Code     0  startup_stm32h743xx.o(.text)
    DMA1_Stream0_IRQHandler                  0x08000353   Thumb Code     0  startup_stm32h743xx.o(.text)
    DMA1_Stream1_IRQHandler                  0x08000353   Thumb Code     0  startup_stm32h743xx.o(.text)
    DMA1_Stream2_IRQHandler                  0x08000353   Thumb Code     0  startup_stm32h743xx.o(.text)
    DMA1_Stream3_IRQHandler                  0x08000353   Thumb Code     0  startup_stm32h743xx.o(.text)
    DMA1_Stream4_IRQHandler                  0x08000353   Thumb Code     0  startup_stm32h743xx.o(.text)
    DMA1_Stream5_IRQHandler                  0x08000353   Thumb Code     0  startup_stm32h743xx.o(.text)
    DMA1_Stream6_IRQHandler                  0x08000353   Thumb Code     0  startup_stm32h743xx.o(.text)
    DMA1_Stream7_IRQHandler                  0x08000353   Thumb Code     0  startup_stm32h743xx.o(.text)
    DMA2D_IRQHandler                         0x08000353   Thumb Code     0  startup_stm32h743xx.o(.text)
    DMA2_Stream0_IRQHandler                  0x08000353   Thumb Code     0  startup_stm32h743xx.o(.text)
    DMA2_Stream1_IRQHandler                  0x08000353   Thumb Code     0  startup_stm32h743xx.o(.text)
    DMA2_Stream2_IRQHandler                  0x08000353   Thumb Code     0  startup_stm32h743xx.o(.text)
    DMA2_Stream3_IRQHandler                  0x08000353   Thumb Code     0  startup_stm32h743xx.o(.text)
    DMA2_Stream4_IRQHandler                  0x08000353   Thumb Code     0  startup_stm32h743xx.o(.text)
    DMA2_Stream5_IRQHandler                  0x08000353   Thumb Code     0  startup_stm32h743xx.o(.text)
    DMA2_Stream6_IRQHandler                  0x08000353   Thumb Code     0  startup_stm32h743xx.o(.text)
    DMA2_Stream7_IRQHandler                  0x08000353   Thumb Code     0  startup_stm32h743xx.o(.text)
    DMAMUX1_OVR_IRQHandler                   0x08000353   Thumb Code     0  startup_stm32h743xx.o(.text)
    DMAMUX2_OVR_IRQHandler                   0x08000353   Thumb Code     0  startup_stm32h743xx.o(.text)
    ECC_IRQHandler                           0x08000353   Thumb Code     0  startup_stm32h743xx.o(.text)
    ETH_IRQHandler                           0x08000353   Thumb Code     0  startup_stm32h743xx.o(.text)
    ETH_WKUP_IRQHandler                      0x08000353   Thumb Code     0  startup_stm32h743xx.o(.text)
    EXTI0_IRQHandler                         0x08000353   Thumb Code     0  startup_stm32h743xx.o(.text)
    EXTI15_10_IRQHandler                     0x08000353   Thumb Code     0  startup_stm32h743xx.o(.text)
    EXTI1_IRQHandler                         0x08000353   Thumb Code     0  startup_stm32h743xx.o(.text)
    EXTI2_IRQHandler                         0x08000353   Thumb Code     0  startup_stm32h743xx.o(.text)
    EXTI3_IRQHandler                         0x08000353   Thumb Code     0  startup_stm32h743xx.o(.text)
    EXTI4_IRQHandler                         0x08000353   Thumb Code     0  startup_stm32h743xx.o(.text)
    EXTI9_5_IRQHandler                       0x08000353   Thumb Code     0  startup_stm32h743xx.o(.text)
    FDCAN1_IT0_IRQHandler                    0x08000353   Thumb Code     0  startup_stm32h743xx.o(.text)
    FDCAN1_IT1_IRQHandler                    0x08000353   Thumb Code     0  startup_stm32h743xx.o(.text)
    FDCAN2_IT0_IRQHandler                    0x08000353   Thumb Code     0  startup_stm32h743xx.o(.text)
    FDCAN2_IT1_IRQHandler                    0x08000353   Thumb Code     0  startup_stm32h743xx.o(.text)
    FDCAN_CAL_IRQHandler                     0x08000353   Thumb Code     0  startup_stm32h743xx.o(.text)
    FLASH_IRQHandler                         0x08000353   Thumb Code     0  startup_stm32h743xx.o(.text)
    FMC_IRQHandler                           0x08000353   Thumb Code     0  startup_stm32h743xx.o(.text)
    FPU_IRQHandler                           0x08000353   Thumb Code     0  startup_stm32h743xx.o(.text)
    HRTIM1_FLT_IRQHandler                    0x08000353   Thumb Code     0  startup_stm32h743xx.o(.text)
    HRTIM1_Master_IRQHandler                 0x08000353   Thumb Code     0  startup_stm32h743xx.o(.text)
    HRTIM1_TIMA_IRQHandler                   0x08000353   Thumb Code     0  startup_stm32h743xx.o(.text)
    HRTIM1_TIMB_IRQHandler                   0x08000353   Thumb Code     0  startup_stm32h743xx.o(.text)
    HRTIM1_TIMC_IRQHandler                   0x08000353   Thumb Code     0  startup_stm32h743xx.o(.text)
    HRTIM1_TIMD_IRQHandler                   0x08000353   Thumb Code     0  startup_stm32h743xx.o(.text)
    HRTIM1_TIME_IRQHandler                   0x08000353   Thumb Code     0  startup_stm32h743xx.o(.text)
    HSEM1_IRQHandler                         0x08000353   Thumb Code     0  startup_stm32h743xx.o(.text)
    I2C1_ER_IRQHandler                       0x08000353   Thumb Code     0  startup_stm32h743xx.o(.text)
    I2C1_EV_IRQHandler                       0x08000353   Thumb Code     0  startup_stm32h743xx.o(.text)
    I2C2_ER_IRQHandler                       0x08000353   Thumb Code     0  startup_stm32h743xx.o(.text)
    I2C2_EV_IRQHandler                       0x08000353   Thumb Code     0  startup_stm32h743xx.o(.text)
    I2C3_ER_IRQHandler                       0x08000353   Thumb Code     0  startup_stm32h743xx.o(.text)
    I2C3_EV_IRQHandler                       0x08000353   Thumb Code     0  startup_stm32h743xx.o(.text)
    I2C4_ER_IRQHandler                       0x08000353   Thumb Code     0  startup_stm32h743xx.o(.text)
    I2C4_EV_IRQHandler                       0x08000353   Thumb Code     0  startup_stm32h743xx.o(.text)
    JPEG_IRQHandler                          0x08000353   Thumb Code     0  startup_stm32h743xx.o(.text)
    LPTIM1_IRQHandler                        0x08000353   Thumb Code     0  startup_stm32h743xx.o(.text)
    LPTIM2_IRQHandler                        0x08000353   Thumb Code     0  startup_stm32h743xx.o(.text)
    LPTIM3_IRQHandler                        0x08000353   Thumb Code     0  startup_stm32h743xx.o(.text)
    LPTIM4_IRQHandler                        0x08000353   Thumb Code     0  startup_stm32h743xx.o(.text)
    LPTIM5_IRQHandler                        0x08000353   Thumb Code     0  startup_stm32h743xx.o(.text)
    LPUART1_IRQHandler                       0x08000353   Thumb Code     0  startup_stm32h743xx.o(.text)
    LTDC_ER_IRQHandler                       0x08000353   Thumb Code     0  startup_stm32h743xx.o(.text)
    LTDC_IRQHandler                          0x08000353   Thumb Code     0  startup_stm32h743xx.o(.text)
    MDIOS_IRQHandler                         0x08000353   Thumb Code     0  startup_stm32h743xx.o(.text)
    MDIOS_WKUP_IRQHandler                    0x08000353   Thumb Code     0  startup_stm32h743xx.o(.text)
    MDMA_IRQHandler                          0x08000353   Thumb Code     0  startup_stm32h743xx.o(.text)
    OTG_FS_EP1_IN_IRQHandler                 0x08000353   Thumb Code     0  startup_stm32h743xx.o(.text)
    OTG_FS_EP1_OUT_IRQHandler                0x08000353   Thumb Code     0  startup_stm32h743xx.o(.text)
    OTG_FS_IRQHandler                        0x08000353   Thumb Code     0  startup_stm32h743xx.o(.text)
    OTG_FS_WKUP_IRQHandler                   0x08000353   Thumb Code     0  startup_stm32h743xx.o(.text)
    OTG_HS_EP1_IN_IRQHandler                 0x08000353   Thumb Code     0  startup_stm32h743xx.o(.text)
    OTG_HS_EP1_OUT_IRQHandler                0x08000353   Thumb Code     0  startup_stm32h743xx.o(.text)
    OTG_HS_IRQHandler                        0x08000353   Thumb Code     0  startup_stm32h743xx.o(.text)
    OTG_HS_WKUP_IRQHandler                   0x08000353   Thumb Code     0  startup_stm32h743xx.o(.text)
    PVD_AVD_IRQHandler                       0x08000353   Thumb Code     0  startup_stm32h743xx.o(.text)
    QUADSPI_IRQHandler                       0x08000353   Thumb Code     0  startup_stm32h743xx.o(.text)
    RCC_IRQHandler                           0x08000353   Thumb Code     0  startup_stm32h743xx.o(.text)
    RNG_IRQHandler                           0x08000353   Thumb Code     0  startup_stm32h743xx.o(.text)
    RTC_Alarm_IRQHandler                     0x08000353   Thumb Code     0  startup_stm32h743xx.o(.text)
    RTC_WKUP_IRQHandler                      0x08000353   Thumb Code     0  startup_stm32h743xx.o(.text)
    SAI1_IRQHandler                          0x08000353   Thumb Code     0  startup_stm32h743xx.o(.text)
    SAI2_IRQHandler                          0x08000353   Thumb Code     0  startup_stm32h743xx.o(.text)
    SAI3_IRQHandler                          0x08000353   Thumb Code     0  startup_stm32h743xx.o(.text)
    SAI4_IRQHandler                          0x08000353   Thumb Code     0  startup_stm32h743xx.o(.text)
    SDMMC1_IRQHandler                        0x08000353   Thumb Code     0  startup_stm32h743xx.o(.text)
    SDMMC2_IRQHandler                        0x08000353   Thumb Code     0  startup_stm32h743xx.o(.text)
    SPDIF_RX_IRQHandler                      0x08000353   Thumb Code     0  startup_stm32h743xx.o(.text)
    SPI1_IRQHandler                          0x08000353   Thumb Code     0  startup_stm32h743xx.o(.text)
    SPI2_IRQHandler                          0x08000353   Thumb Code     0  startup_stm32h743xx.o(.text)
    SPI3_IRQHandler                          0x08000353   Thumb Code     0  startup_stm32h743xx.o(.text)
    SPI4_IRQHandler                          0x08000353   Thumb Code     0  startup_stm32h743xx.o(.text)
    SPI5_IRQHandler                          0x08000353   Thumb Code     0  startup_stm32h743xx.o(.text)
    SPI6_IRQHandler                          0x08000353   Thumb Code     0  startup_stm32h743xx.o(.text)
    SWPMI1_IRQHandler                        0x08000353   Thumb Code     0  startup_stm32h743xx.o(.text)
    TAMP_STAMP_IRQHandler                    0x08000353   Thumb Code     0  startup_stm32h743xx.o(.text)
    TIM15_IRQHandler                         0x08000353   Thumb Code     0  startup_stm32h743xx.o(.text)
    TIM16_IRQHandler                         0x08000353   Thumb Code     0  startup_stm32h743xx.o(.text)
    TIM17_IRQHandler                         0x08000353   Thumb Code     0  startup_stm32h743xx.o(.text)
    TIM1_BRK_IRQHandler                      0x08000353   Thumb Code     0  startup_stm32h743xx.o(.text)
    TIM1_CC_IRQHandler                       0x08000353   Thumb Code     0  startup_stm32h743xx.o(.text)
    TIM1_TRG_COM_IRQHandler                  0x08000353   Thumb Code     0  startup_stm32h743xx.o(.text)
    TIM1_UP_IRQHandler                       0x08000353   Thumb Code     0  startup_stm32h743xx.o(.text)
    TIM2_IRQHandler                          0x08000353   Thumb Code     0  startup_stm32h743xx.o(.text)
    TIM3_IRQHandler                          0x08000353   Thumb Code     0  startup_stm32h743xx.o(.text)
    TIM4_IRQHandler                          0x08000353   Thumb Code     0  startup_stm32h743xx.o(.text)
    TIM5_IRQHandler                          0x08000353   Thumb Code     0  startup_stm32h743xx.o(.text)
    TIM6_DAC_IRQHandler                      0x08000353   Thumb Code     0  startup_stm32h743xx.o(.text)
    TIM7_IRQHandler                          0x08000353   Thumb Code     0  startup_stm32h743xx.o(.text)
    TIM8_BRK_TIM12_IRQHandler                0x08000353   Thumb Code     0  startup_stm32h743xx.o(.text)
    TIM8_CC_IRQHandler                       0x08000353   Thumb Code     0  startup_stm32h743xx.o(.text)
    TIM8_TRG_COM_TIM14_IRQHandler            0x08000353   Thumb Code     0  startup_stm32h743xx.o(.text)
    TIM8_UP_TIM13_IRQHandler                 0x08000353   Thumb Code     0  startup_stm32h743xx.o(.text)
    UART5_IRQHandler                         0x08000353   Thumb Code     0  startup_stm32h743xx.o(.text)
    UART7_IRQHandler                         0x08000353   Thumb Code     0  startup_stm32h743xx.o(.text)
    UART8_IRQHandler                         0x08000353   Thumb Code     0  startup_stm32h743xx.o(.text)
    USART1_IRQHandler                        0x08000353   Thumb Code     0  startup_stm32h743xx.o(.text)
    USART2_IRQHandler                        0x08000353   Thumb Code     0  startup_stm32h743xx.o(.text)
    USART3_IRQHandler                        0x08000353   Thumb Code     0  startup_stm32h743xx.o(.text)
    USART6_IRQHandler                        0x08000353   Thumb Code     0  startup_stm32h743xx.o(.text)
    WAKEUP_PIN_IRQHandler                    0x08000353   Thumb Code     0  startup_stm32h743xx.o(.text)
    WWDG_IRQHandler                          0x08000353   Thumb Code     0  startup_stm32h743xx.o(.text)
    __user_initial_stackheap                 0x08000355   Thumb Code     0  startup_stm32h743xx.o(.text)
    __aeabi_uldivmod                         0x08000379   Thumb Code     0  lludivv7m.o(.text)
    _ll_udiv                                 0x08000379   Thumb Code   238  lludivv7m.o(.text)
    __aeabi_memcpy4                          0x08000467   Thumb Code     0  rt_memcpy_w.o(.text)
    __aeabi_memcpy8                          0x08000467   Thumb Code     0  rt_memcpy_w.o(.text)
    __rt_memcpy_w                            0x08000467   Thumb Code   100  rt_memcpy_w.o(.text)
    _memcpy_lastbytes_aligned                0x080004af   Thumb Code     0  rt_memcpy_w.o(.text)
    __aeabi_memclr4                          0x080004cb   Thumb Code     0  rt_memclr_w.o(.text)
    __aeabi_memclr8                          0x080004cb   Thumb Code     0  rt_memclr_w.o(.text)
    __rt_memclr_w                            0x080004cb   Thumb Code    78  rt_memclr_w.o(.text)
    _memset_w                                0x080004cf   Thumb Code     0  rt_memclr_w.o(.text)
    __use_two_region_memory                  0x08000519   Thumb Code     2  heapauxi.o(.text)
    __rt_heap_escrow                         0x0800051b   Thumb Code     2  heapauxi.o(.text)
    __rt_heap_expand                         0x0800051d   Thumb Code     2  heapauxi.o(.text)
    __user_libspace                          0x08000521   Thumb Code     8  libspace.o(.text)
    __user_perproc_libspace                  0x08000521   Thumb Code     0  libspace.o(.text)
    __user_perthread_libspace                0x08000521   Thumb Code     0  libspace.o(.text)
    __I$use$semihosting                      0x08000529   Thumb Code     0  use_no_semi.o(.text)
    __use_no_semihosting_swi                 0x08000529   Thumb Code     2  use_no_semi.o(.text)
    __semihosting_library_function           0x0800052b   Thumb Code     0  indicate_semi.o(.text)
    __user_setup_stackheap                   0x0800052b   Thumb Code    74  sys_stackheap_outer.o(.text)
    exit                                     0x08000575   Thumb Code    18  exit.o(.text)
    _sys_exit                                0x08000589   Thumb Code     8  sys_exit.o(.text)
    BusFault_Handler                         0x08000595   Thumb Code     2  stm32h7xx_it.o(i.BusFault_Handler)
    CAL_ADC_ThermoCoupleModule_Configuration 0x08000599   Thumb Code   484  ads8699.o(i.CAL_ADC_ThermoCoupleModule_Configuration)
    CAL_ADC_ThermoCoupleModule_Read_Data     0x08000781   Thumb Code    54  ads8699.o(i.CAL_ADC_ThermoCoupleModule_Read_Data)
    CAL_ADS8699_Configuration                0x080007b9   Thumb Code   462  ads8699.o(i.CAL_ADS8699_Configuration)
    CAL_ADS8699_Read_Data                    0x0800098d   Thumb Code    52  ads8699.o(i.CAL_ADS8699_Read_Data)
    CAL_WriteShiftRegister                   0x080009c1   Thumb Code    88  shift.o(i.CAL_WriteShiftRegister)
    CAL_writeShiftRegister1                  0x08000a19   Thumb Code    88  main.o(i.CAL_writeShiftRegister1)
    DebugMon_Handler                         0x08000a71   Thumb Code     2  stm32h7xx_it.o(i.DebugMon_Handler)
    Error_Handler                            0x08000a73   Thumb Code     4  main.o(i.Error_Handler)
    HAL_DMA_Abort                            0x08000a79   Thumb Code   840  stm32h7xx_hal_dma.o(i.HAL_DMA_Abort)
    HAL_DMA_Abort_IT                         0x08000ddd   Thumb Code   602  stm32h7xx_hal_dma.o(i.HAL_DMA_Abort_IT)
    HAL_Delay                                0x08001061   Thumb Code    32  stm32h7xx_hal.o(i.HAL_Delay)
    HAL_GPIO_Init                            0x08001085   Thumb Code   510  stm32h7xx_hal_gpio.o(i.HAL_GPIO_Init)
    HAL_GPIO_WritePin                        0x080012b5   Thumb Code    10  stm32h7xx_hal_gpio.o(i.HAL_GPIO_WritePin)
    HAL_GetREVID                             0x080012c1   Thumb Code     8  stm32h7xx_hal.o(i.HAL_GetREVID)
    HAL_GetTick                              0x080012cd   Thumb Code     6  stm32h7xx_hal.o(i.HAL_GetTick)
    HAL_IncTick                              0x080012d9   Thumb Code    12  stm32h7xx_hal.o(i.HAL_IncTick)
    HAL_Init                                 0x080012e9   Thumb Code    74  stm32h7xx_hal.o(i.HAL_Init)
    HAL_InitTick                             0x08001345   Thumb Code    56  stm32h7xx_hal.o(i.HAL_InitTick)
    HAL_MspInit                              0x08001385   Thumb Code    22  stm32h7xx_hal_msp.o(i.HAL_MspInit)
    HAL_NVIC_EnableIRQ                       0x080013a1   Thumb Code    26  stm32h7xx_hal_cortex.o(i.HAL_NVIC_EnableIRQ)
    HAL_NVIC_SetPriority                     0x080013bd   Thumb Code    60  stm32h7xx_hal_cortex.o(i.HAL_NVIC_SetPriority)
    HAL_NVIC_SetPriorityGrouping             0x080013fd   Thumb Code    28  stm32h7xx_hal_cortex.o(i.HAL_NVIC_SetPriorityGrouping)
    HAL_PWREx_ConfigSupply                   0x08001421   Thumb Code    78  stm32h7xx_hal_pwr_ex.o(i.HAL_PWREx_ConfigSupply)
    HAL_RCCEx_GetD3PCLK1Freq                 0x08001475   Thumb Code    26  stm32h7xx_hal_rcc_ex.o(i.HAL_RCCEx_GetD3PCLK1Freq)
    HAL_RCCEx_GetPLL2ClockFreq               0x08001499   Thumb Code   296  stm32h7xx_hal_rcc_ex.o(i.HAL_RCCEx_GetPLL2ClockFreq)
    HAL_RCCEx_GetPLL3ClockFreq               0x080015dd   Thumb Code   296  stm32h7xx_hal_rcc_ex.o(i.HAL_RCCEx_GetPLL3ClockFreq)
    HAL_RCCEx_PeriphCLKConfig                0x08001721   Thumb Code  2258  stm32h7xx_hal_rcc_ex.o(i.HAL_RCCEx_PeriphCLKConfig)
    HAL_RCC_ClockConfig                      0x08001ff5   Thumb Code   580  stm32h7xx_hal_rcc.o(i.HAL_RCC_ClockConfig)
    HAL_RCC_GetHCLKFreq                      0x08002251   Thumb Code    52  stm32h7xx_hal_rcc.o(i.HAL_RCC_GetHCLKFreq)
    HAL_RCC_GetPCLK1Freq                     0x08002295   Thumb Code    26  stm32h7xx_hal_rcc.o(i.HAL_RCC_GetPCLK1Freq)
    HAL_RCC_GetPCLK2Freq                     0x080022b9   Thumb Code    26  stm32h7xx_hal_rcc.o(i.HAL_RCC_GetPCLK2Freq)
    HAL_RCC_GetSysClockFreq                  0x080022dd   Thumb Code   278  stm32h7xx_hal_rcc.o(i.HAL_RCC_GetSysClockFreq)
    HAL_RCC_OscConfig                        0x08002415   Thumb Code  1282  stm32h7xx_hal_rcc.o(i.HAL_RCC_OscConfig)
    HAL_SPI_GetState                         0x0800291d   Thumb Code     6  stm32h7xx_hal_spi.o(i.HAL_SPI_GetState)
    HAL_SPI_Init                             0x08002925   Thumb Code   322  stm32h7xx_hal_spi.o(i.HAL_SPI_Init)
    HAL_SPI_MspInit                          0x08002a75   Thumb Code   568  stm32h7xx_hal_msp.o(i.HAL_SPI_MspInit)
    HAL_SPI_Receive                          0x08002cd9   Thumb Code   590  stm32h7xx_hal_spi.o(i.HAL_SPI_Receive)
    HAL_SPI_Transmit                         0x08002f27   Thumb Code   566  stm32h7xx_hal_spi.o(i.HAL_SPI_Transmit)
    HAL_SPI_TransmitReceive                  0x0800315d   Thumb Code   800  stm32h7xx_hal_spi.o(i.HAL_SPI_TransmitReceive)
    HAL_SYSTICK_Config                       0x0800347d   Thumb Code    38  stm32h7xx_hal_cortex.o(i.HAL_SYSTICK_Config)
    HAL_UARTEx_DisableFifoMode               0x080034a3   Thumb Code    64  stm32h7xx_hal_uart_ex.o(i.HAL_UARTEx_DisableFifoMode)
    HAL_UARTEx_RxEventCallback               0x080034e3   Thumb Code     2  stm32h7xx_hal_uart.o(i.HAL_UARTEx_RxEventCallback)
    HAL_UARTEx_RxFifoFullCallback            0x080034e5   Thumb Code     2  stm32h7xx_hal_uart_ex.o(i.HAL_UARTEx_RxFifoFullCallback)
    HAL_UARTEx_SetRxFifoThreshold            0x080034e7   Thumb Code    76  stm32h7xx_hal_uart_ex.o(i.HAL_UARTEx_SetRxFifoThreshold)
    HAL_UARTEx_SetTxFifoThreshold            0x08003533   Thumb Code    76  stm32h7xx_hal_uart_ex.o(i.HAL_UARTEx_SetTxFifoThreshold)
    HAL_UARTEx_TxFifoEmptyCallback           0x0800357f   Thumb Code     2  stm32h7xx_hal_uart_ex.o(i.HAL_UARTEx_TxFifoEmptyCallback)
    HAL_UARTEx_WakeupCallback                0x08003581   Thumb Code     2  stm32h7xx_hal_uart_ex.o(i.HAL_UARTEx_WakeupCallback)
    HAL_UART_ErrorCallback                   0x08003583   Thumb Code     2  stm32h7xx_hal_uart.o(i.HAL_UART_ErrorCallback)
    HAL_UART_IRQHandler                      0x08003585   Thumb Code   746  stm32h7xx_hal_uart.o(i.HAL_UART_IRQHandler)
    HAL_UART_Init                            0x08003889   Thumb Code   106  stm32h7xx_hal_uart.o(i.HAL_UART_Init)
    HAL_UART_MspInit                         0x080038f5   Thumb Code   108  stm32h7xx_hal_msp.o(i.HAL_UART_MspInit)
    HAL_UART_Receive_IT                      0x0800396d   Thumb Code    70  stm32h7xx_hal_uart.o(i.HAL_UART_Receive_IT)
    HAL_UART_RxCpltCallback                  0x080039b9   Thumb Code    30  main.o(i.HAL_UART_RxCpltCallback)
    HAL_UART_Transmit                        0x080039dd   Thumb Code   190  stm32h7xx_hal_uart.o(i.HAL_UART_Transmit)
    HAL_UART_TxCpltCallback                  0x08003a9b   Thumb Code     2  stm32h7xx_hal_uart.o(i.HAL_UART_TxCpltCallback)
    HardFault_Handler                        0x08003a9d   Thumb Code     2  stm32h7xx_it.o(i.HardFault_Handler)
    MemManage_Handler                        0x08003e19   Thumb Code     2  stm32h7xx_it.o(i.MemManage_Handler)
    NMI_Handler                              0x08003e1b   Thumb Code     2  stm32h7xx_it.o(i.NMI_Handler)
    PendSV_Handler                           0x08003e1d   Thumb Code     2  stm32h7xx_it.o(i.PendSV_Handler)
    PeriphCommonClock_Config                 0x08003e21   Thumb Code    72  main.o(i.PeriphCommonClock_Config)
    SVC_Handler                              0x080041ab   Thumb Code     2  stm32h7xx_it.o(i.SVC_Handler)
    SysTick_Handler                          0x080041ad   Thumb Code     4  stm32h7xx_it.o(i.SysTick_Handler)
    SystemClock_Config                       0x080041b1   Thumb Code   144  main.o(i.SystemClock_Config)
    SystemInit                               0x0800424d   Thumb Code   188  system_stm32h7xx.o(i.SystemInit)
    Thermo_Couple_Channel_Select_Data        0x08004331   Thumb Code    30  ads8699.o(i.Thermo_Couple_Channel_Select_Data)
    Thermo_Couple_Channel_Select_Data1       0x0800434f   Thumb Code    30  ads8699.o(i.Thermo_Couple_Channel_Select_Data1)
    UART4_IRQHandler                         0x0800436d   Thumb Code     6  stm32h7xx_it.o(i.UART4_IRQHandler)
    UART_AdvFeatureConfig                    0x080043bd   Thumb Code   200  stm32h7xx_hal_uart.o(i.UART_AdvFeatureConfig)
    UART_CheckIdleState                      0x08004485   Thumb Code    96  stm32h7xx_hal_uart.o(i.UART_CheckIdleState)
    UART_SetConfig                           0x080048c1   Thumb Code   876  stm32h7xx_hal_uart.o(i.UART_SetConfig)
    UART_Start_Receive_IT                    0x08004c6d   Thumb Code   198  stm32h7xx_hal_uart.o(i.UART_Start_Receive_IT)
    UART_WaitOnFlagUntilTimeout              0x08004d45   Thumb Code   164  stm32h7xx_hal_uart.o(i.UART_WaitOnFlagUntilTimeout)
    UsageFault_Handler                       0x08004de9   Thumb Code     2  stm32h7xx_it.o(i.UsageFault_Handler)
    main                                     0x08004e0d   Thumb Code   892  main.o(i.main)
    _fp_init                                 0x080051e5   Thumb Code    10  fpinit.o(x$fpl$fpinit)
    __fplib_config_fpu_vfp                   0x080051ed   Thumb Code     0  fpinit.o(x$fpl$fpinit)
    __fplib_config_pureend_doubles           0x080051ed   Thumb Code     0  fpinit.o(x$fpl$fpinit)
    UARTPrescTable                           0x080051ee   Data          24  stm32h7xx_hal_uart.o(.constdata)
    D1CorePrescTable                         0x08005216   Data          16  system_stm32h7xx.o(.constdata)
    Region$$Table$$Base                      0x08005228   Number         0  anon$$obj.o(Region$$Table)
    Region$$Table$$Limit                     0x08005248   Number         0  anon$$obj.o(Region$$Table)
    tx                                       0x24000000   Data           1  main.o(.data)
    tx1                                      0x24000001   Data           1  main.o(.data)
    tx3                                      0x24000002   Data           1  main.o(.data)
    tx4                                      0x24000003   Data           1  main.o(.data)
    i                                        0x24000004   Data           4  main.o(.data)
    j                                        0x24000008   Data           4  main.o(.data)
    uwTickFreq                               0x2400000c   Data           1  stm32h7xx_hal.o(.data)
    uwTickPrio                               0x24000010   Data           4  stm32h7xx_hal.o(.data)
    uwTick                                   0x24000014   Data           4  stm32h7xx_hal.o(.data)
    SystemCoreClock                          0x24000018   Data           4  system_stm32h7xx.o(.data)
    SystemD2Clock                            0x2400001c   Data           4  system_stm32h7xx.o(.data)
    SDI_CTL_REG_WRITE                        0x24000020   Data           1  ads8699.o(.data)
    SDO_CTL_REG_WRITE                        0x24000021   Data           1  ads8699.o(.data)
    DATAOUT_CTL_REG_WRITE                    0x24000022   Data           1  ads8699.o(.data)
    RANGE_SEL_REG_WRITE                      0x24000023   Data           1  ads8699.o(.data)
    SDO_CTL_REG_READ                         0x24000024   Data           1  ads8699.o(.data)
    SDI_CTL_REG_ADDRESS                      0x24000025   Data           1  ads8699.o(.data)
    SDO_CTL_REG_ADDRESS                      0x24000026   Data           1  ads8699.o(.data)
    DATAOUT_CTL_REG_ADDRESS                  0x24000027   Data           1  ads8699.o(.data)
    RANGE_SEL_REG_ADDRESS                    0x24000028   Data           1  ads8699.o(.data)
    SDI_CTL_REG_DATA1                        0x24000029   Data           1  ads8699.o(.data)
    SDO_CTL_REG_DATA1                        0x2400002a   Data           1  ads8699.o(.data)
    DATAOUT_CTL_REG_DATA1                    0x2400002b   Data           1  ads8699.o(.data)
    RANGE_SEL_REG_DATA1                      0x2400002c   Data           1  ads8699.o(.data)
    SDO_CTL_REG_DATA2                        0x2400002d   Data           1  ads8699.o(.data)
    hspi1                                    0x24000030   Data         136  main.o(.bss)
    hspi2                                    0x240000b8   Data         136  main.o(.bss)
    hspi3                                    0x24000140   Data         136  main.o(.bss)
    hspi4                                    0x240001c8   Data         136  main.o(.bss)
    hspi5                                    0x24000250   Data         136  main.o(.bss)
    huart4                                   0x240002d8   Data         144  main.o(.bss)
    test_tx_data                             0x24000368   Data          32  main.o(.bss)
    transmit_buffer1                         0x24000388   Data          33  main.o(.bss)
    __libspace_start                         0x240003ac   Data          96  libspace.o(.bss)
    __temporary_stack_top$libspace           0x2400040c   Data           0  libspace.o(.bss)



==============================================================================

Memory Map of the image

  Image Entry point : 0x08000299

  Load Region LR_IROM1 (Base: 0x08000000, Size: 0x00005278, Max: 0x00200000, ABSOLUTE)

    Execution Region ER_IROM1 (Exec base: 0x08000000, Load base: 0x08000000, Size: 0x00005248, Max: 0x00200000, ABSOLUTE)

    Exec Addr    Load Addr    Size         Type   Attr      Idx    E Section Name        Object

    0x08000000   0x08000000   0x00000298   Data   RO            3    RESET               startup_stm32h743xx.o
    0x08000298   0x08000298   0x00000008   Code   RO         3886  * !!!main             c_w.l(__main.o)
    0x080002a0   0x080002a0   0x00000034   Code   RO         4099    !!!scatter          c_w.l(__scatter.o)
    0x080002d4   0x080002d4   0x0000001a   Code   RO         4101    !!handler_copy      c_w.l(__scatter_copy.o)
    0x080002ee   0x080002ee   0x00000002   PAD
    0x080002f0   0x080002f0   0x0000001c   Code   RO         4103    !!handler_zi        c_w.l(__scatter_zi.o)
    0x0800030c   0x0800030c   0x00000002   Code   RO         4036    .ARM.Collect$$libinit$$00000000  c_w.l(libinit.o)
    0x0800030e   0x0800030e   0x00000004   Code   RO         3922    .ARM.Collect$$libinit$$00000001  c_w.l(libinit2.o)
    0x08000312   0x08000312   0x00000000   Code   RO         3925    .ARM.Collect$$libinit$$00000004  c_w.l(libinit2.o)
    0x08000312   0x08000312   0x00000000   Code   RO         3928    .ARM.Collect$$libinit$$0000000A  c_w.l(libinit2.o)
    0x08000312   0x08000312   0x00000000   Code   RO         3930    .ARM.Collect$$libinit$$0000000C  c_w.l(libinit2.o)
    0x08000312   0x08000312   0x00000000   Code   RO         3932    .ARM.Collect$$libinit$$0000000E  c_w.l(libinit2.o)
    0x08000312   0x08000312   0x00000000   Code   RO         3935    .ARM.Collect$$libinit$$00000011  c_w.l(libinit2.o)
    0x08000312   0x08000312   0x00000000   Code   RO         3937    .ARM.Collect$$libinit$$00000013  c_w.l(libinit2.o)
    0x08000312   0x08000312   0x00000000   Code   RO         3939    .ARM.Collect$$libinit$$00000015  c_w.l(libinit2.o)
    0x08000312   0x08000312   0x00000000   Code   RO         3941    .ARM.Collect$$libinit$$00000017  c_w.l(libinit2.o)
    0x08000312   0x08000312   0x00000000   Code   RO         3943    .ARM.Collect$$libinit$$00000019  c_w.l(libinit2.o)
    0x08000312   0x08000312   0x00000000   Code   RO         3945    .ARM.Collect$$libinit$$0000001B  c_w.l(libinit2.o)
    0x08000312   0x08000312   0x00000000   Code   RO         3947    .ARM.Collect$$libinit$$0000001D  c_w.l(libinit2.o)
    0x08000312   0x08000312   0x00000000   Code   RO         3949    .ARM.Collect$$libinit$$0000001F  c_w.l(libinit2.o)
    0x08000312   0x08000312   0x00000000   Code   RO         3951    .ARM.Collect$$libinit$$00000021  c_w.l(libinit2.o)
    0x08000312   0x08000312   0x00000000   Code   RO         3953    .ARM.Collect$$libinit$$00000023  c_w.l(libinit2.o)
    0x08000312   0x08000312   0x00000000   Code   RO         3955    .ARM.Collect$$libinit$$00000025  c_w.l(libinit2.o)
    0x08000312   0x08000312   0x00000000   Code   RO         3959    .ARM.Collect$$libinit$$0000002C  c_w.l(libinit2.o)
    0x08000312   0x08000312   0x00000000   Code   RO         3961    .ARM.Collect$$libinit$$0000002E  c_w.l(libinit2.o)
    0x08000312   0x08000312   0x00000000   Code   RO         3963    .ARM.Collect$$libinit$$00000030  c_w.l(libinit2.o)
    0x08000312   0x08000312   0x00000000   Code   RO         3965    .ARM.Collect$$libinit$$00000032  c_w.l(libinit2.o)
    0x08000312   0x08000312   0x00000002   Code   RO         3966    .ARM.Collect$$libinit$$00000033  c_w.l(libinit2.o)
    0x08000314   0x08000314   0x00000002   Code   RO         4096    .ARM.Collect$$libshutdown$$00000000  c_w.l(libshutdown.o)
    0x08000316   0x08000316   0x00000000   Code   RO         4052    .ARM.Collect$$libshutdown$$00000002  c_w.l(libshutdown2.o)
    0x08000316   0x08000316   0x00000000   Code   RO         4054    .ARM.Collect$$libshutdown$$00000004  c_w.l(libshutdown2.o)
    0x08000316   0x08000316   0x00000000   Code   RO         4056    .ARM.Collect$$libshutdown$$00000006  c_w.l(libshutdown2.o)
    0x08000316   0x08000316   0x00000000   Code   RO         4059    .ARM.Collect$$libshutdown$$00000009  c_w.l(libshutdown2.o)
    0x08000316   0x08000316   0x00000000   Code   RO         4062    .ARM.Collect$$libshutdown$$0000000C  c_w.l(libshutdown2.o)
    0x08000316   0x08000316   0x00000000   Code   RO         4064    .ARM.Collect$$libshutdown$$0000000E  c_w.l(libshutdown2.o)
    0x08000316   0x08000316   0x00000000   Code   RO         4067    .ARM.Collect$$libshutdown$$00000011  c_w.l(libshutdown2.o)
    0x08000316   0x08000316   0x00000002   Code   RO         4068    .ARM.Collect$$libshutdown$$00000012  c_w.l(libshutdown2.o)
    0x08000318   0x08000318   0x00000000   Code   RO         3890    .ARM.Collect$$rtentry$$00000000  c_w.l(__rtentry.o)
    0x08000318   0x08000318   0x00000000   Code   RO         3973    .ARM.Collect$$rtentry$$00000002  c_w.l(__rtentry2.o)
    0x08000318   0x08000318   0x00000006   Code   RO         3985    .ARM.Collect$$rtentry$$00000004  c_w.l(__rtentry4.o)
    0x0800031e   0x0800031e   0x00000000   Code   RO         3975    .ARM.Collect$$rtentry$$00000009  c_w.l(__rtentry2.o)
    0x0800031e   0x0800031e   0x00000004   Code   RO         3976    .ARM.Collect$$rtentry$$0000000A  c_w.l(__rtentry2.o)
    0x08000322   0x08000322   0x00000000   Code   RO         3978    .ARM.Collect$$rtentry$$0000000C  c_w.l(__rtentry2.o)
    0x08000322   0x08000322   0x00000008   Code   RO         3979    .ARM.Collect$$rtentry$$0000000D  c_w.l(__rtentry2.o)
    0x0800032a   0x0800032a   0x00000002   Code   RO         4039    .ARM.Collect$$rtexit$$00000000  c_w.l(rtexit.o)
    0x0800032c   0x0800032c   0x00000000   Code   RO         4072    .ARM.Collect$$rtexit$$00000002  c_w.l(rtexit2.o)
    0x0800032c   0x0800032c   0x00000004   Code   RO         4073    .ARM.Collect$$rtexit$$00000003  c_w.l(rtexit2.o)
    0x08000330   0x08000330   0x00000006   Code   RO         4074    .ARM.Collect$$rtexit$$00000004  c_w.l(rtexit2.o)
    0x08000336   0x08000336   0x00000002   PAD
    0x08000338   0x08000338   0x00000040   Code   RO            4    .text               startup_stm32h743xx.o
    0x08000378   0x08000378   0x000000ee   Code   RO         3878    .text               c_w.l(lludivv7m.o)
    0x08000466   0x08000466   0x00000064   Code   RO         3880    .text               c_w.l(rt_memcpy_w.o)
    0x080004ca   0x080004ca   0x0000004e   Code   RO         3882    .text               c_w.l(rt_memclr_w.o)
    0x08000518   0x08000518   0x00000006   Code   RO         3884    .text               c_w.l(heapauxi.o)
    0x0800051e   0x0800051e   0x00000002   PAD
    0x08000520   0x08000520   0x00000008   Code   RO         3969    .text               c_w.l(libspace.o)
    0x08000528   0x08000528   0x00000002   Code   RO         4008    .text               c_w.l(use_no_semi.o)
    0x0800052a   0x0800052a   0x00000000   Code   RO         4010    .text               c_w.l(indicate_semi.o)
    0x0800052a   0x0800052a   0x0000004a   Code   RO         4011    .text               c_w.l(sys_stackheap_outer.o)
    0x08000574   0x08000574   0x00000012   Code   RO         4017    .text               c_w.l(exit.o)
    0x08000586   0x08000586   0x00000002   PAD
    0x08000588   0x08000588   0x0000000c   Code   RO         4037    .text               c_w.l(sys_exit.o)
    0x08000594   0x08000594   0x00000002   Code   RO          241    i.BusFault_Handler  stm32h7xx_it.o
    0x08000596   0x08000596   0x00000002   PAD
    0x08000598   0x08000598   0x000001e8   Code   RO         3724    i.CAL_ADC_ThermoCoupleModule_Configuration  ads8699.o
    0x08000780   0x08000780   0x00000036   Code   RO         3725    i.CAL_ADC_ThermoCoupleModule_Read_Data  ads8699.o
    0x080007b6   0x080007b6   0x00000002   PAD
    0x080007b8   0x080007b8   0x000001d4   Code   RO         3726    i.CAL_ADS8699_Configuration  ads8699.o
    0x0800098c   0x0800098c   0x00000034   Code   RO         3727    i.CAL_ADS8699_Read_Data  ads8699.o
    0x080009c0   0x080009c0   0x00000058   Code   RO         3689    i.CAL_WriteShiftRegister  shift.o
    0x08000a18   0x08000a18   0x00000058   Code   RO           14    i.CAL_writeShiftRegister1  main.o
    0x08000a70   0x08000a70   0x00000002   Code   RO          242    i.DebugMon_Handler  stm32h7xx_it.o
    0x08000a72   0x08000a72   0x00000004   Code   RO           15    i.Error_Handler     main.o
    0x08000a76   0x08000a76   0x00000002   PAD
    0x08000a78   0x08000a78   0x00000364   Code   RO         1159    i.HAL_DMA_Abort     stm32h7xx_hal_dma.o
    0x08000ddc   0x08000ddc   0x00000284   Code   RO         1160    i.HAL_DMA_Abort_IT  stm32h7xx_hal_dma.o
    0x08001060   0x08001060   0x00000024   Code   RO         1868    i.HAL_Delay         stm32h7xx_hal.o
    0x08001084   0x08001084   0x00000230   Code   RO         1007    i.HAL_GPIO_Init     stm32h7xx_hal_gpio.o
    0x080012b4   0x080012b4   0x0000000a   Code   RO         1011    i.HAL_GPIO_WritePin  stm32h7xx_hal_gpio.o
    0x080012be   0x080012be   0x00000002   PAD
    0x080012c0   0x080012c0   0x0000000c   Code   RO         1879    i.HAL_GetREVID      stm32h7xx_hal.o
    0x080012cc   0x080012cc   0x0000000c   Code   RO         1880    i.HAL_GetTick       stm32h7xx_hal.o
    0x080012d8   0x080012d8   0x00000010   Code   RO         1886    i.HAL_IncTick       stm32h7xx_hal.o
    0x080012e8   0x080012e8   0x0000005c   Code   RO         1887    i.HAL_Init          stm32h7xx_hal.o
    0x08001344   0x08001344   0x00000040   Code   RO         1888    i.HAL_InitTick      stm32h7xx_hal.o
    0x08001384   0x08001384   0x0000001c   Code   RO          323    i.HAL_MspInit       stm32h7xx_hal_msp.o
    0x080013a0   0x080013a0   0x0000001a   Code   RO          377    i.HAL_NVIC_EnableIRQ  stm32h7xx_hal_cortex.o
    0x080013ba   0x080013ba   0x00000002   PAD
    0x080013bc   0x080013bc   0x00000040   Code   RO          383    i.HAL_NVIC_SetPriority  stm32h7xx_hal_cortex.o
    0x080013fc   0x080013fc   0x00000024   Code   RO          384    i.HAL_NVIC_SetPriorityGrouping  stm32h7xx_hal_cortex.o
    0x08001420   0x08001420   0x00000054   Code   RO         1608    i.HAL_PWREx_ConfigSupply  stm32h7xx_hal_pwr_ex.o
    0x08001474   0x08001474   0x00000024   Code   RO          628    i.HAL_RCCEx_GetD3PCLK1Freq  stm32h7xx_hal_rcc_ex.o
    0x08001498   0x08001498   0x00000144   Code   RO          630    i.HAL_RCCEx_GetPLL2ClockFreq  stm32h7xx_hal_rcc_ex.o
    0x080015dc   0x080015dc   0x00000144   Code   RO          631    i.HAL_RCCEx_GetPLL3ClockFreq  stm32h7xx_hal_rcc_ex.o
    0x08001720   0x08001720   0x000008d2   Code   RO          637    i.HAL_RCCEx_PeriphCLKConfig  stm32h7xx_hal_rcc_ex.o
    0x08001ff2   0x08001ff2   0x00000002   PAD
    0x08001ff4   0x08001ff4   0x0000025c   Code   RO          513    i.HAL_RCC_ClockConfig  stm32h7xx_hal_rcc.o
    0x08002250   0x08002250   0x00000044   Code   RO          518    i.HAL_RCC_GetHCLKFreq  stm32h7xx_hal_rcc.o
    0x08002294   0x08002294   0x00000024   Code   RO          520    i.HAL_RCC_GetPCLK1Freq  stm32h7xx_hal_rcc.o
    0x080022b8   0x080022b8   0x00000024   Code   RO          521    i.HAL_RCC_GetPCLK2Freq  stm32h7xx_hal_rcc.o
    0x080022dc   0x080022dc   0x00000138   Code   RO          522    i.HAL_RCC_GetSysClockFreq  stm32h7xx_hal_rcc.o
    0x08002414   0x08002414   0x00000508   Code   RO          525    i.HAL_RCC_OscConfig  stm32h7xx_hal_rcc.o
    0x0800291c   0x0800291c   0x00000006   Code   RO         2770    i.HAL_SPI_GetState  stm32h7xx_hal_spi.o
    0x08002922   0x08002922   0x00000002   PAD
    0x08002924   0x08002924   0x00000150   Code   RO         2772    i.HAL_SPI_Init      stm32h7xx_hal_spi.o
    0x08002a74   0x08002a74   0x00000264   Code   RO          325    i.HAL_SPI_MspInit   stm32h7xx_hal_msp.o
    0x08002cd8   0x08002cd8   0x0000024e   Code   RO         2775    i.HAL_SPI_Receive   stm32h7xx_hal_spi.o
    0x08002f26   0x08002f26   0x00000236   Code   RO         2780    i.HAL_SPI_Transmit  stm32h7xx_hal_spi.o
    0x0800315c   0x0800315c   0x00000320   Code   RO         2781    i.HAL_SPI_TransmitReceive  stm32h7xx_hal_spi.o
    0x0800347c   0x0800347c   0x00000026   Code   RO          388    i.HAL_SYSTICK_Config  stm32h7xx_hal_cortex.o
    0x080034a2   0x080034a2   0x00000040   Code   RO         3540    i.HAL_UARTEx_DisableFifoMode  stm32h7xx_hal_uart_ex.o
    0x080034e2   0x080034e2   0x00000002   Code   RO         3129    i.HAL_UARTEx_RxEventCallback  stm32h7xx_hal_uart.o
    0x080034e4   0x080034e4   0x00000002   Code   RO         3547    i.HAL_UARTEx_RxFifoFullCallback  stm32h7xx_hal_uart_ex.o
    0x080034e6   0x080034e6   0x0000004c   Code   RO         3548    i.HAL_UARTEx_SetRxFifoThreshold  stm32h7xx_hal_uart_ex.o
    0x08003532   0x08003532   0x0000004c   Code   RO         3549    i.HAL_UARTEx_SetTxFifoThreshold  stm32h7xx_hal_uart_ex.o
    0x0800357e   0x0800357e   0x00000002   Code   RO         3551    i.HAL_UARTEx_TxFifoEmptyCallback  stm32h7xx_hal_uart_ex.o
    0x08003580   0x08003580   0x00000002   Code   RO         3552    i.HAL_UARTEx_WakeupCallback  stm32h7xx_hal_uart_ex.o
    0x08003582   0x08003582   0x00000002   Code   RO         3145    i.HAL_UART_ErrorCallback  stm32h7xx_hal_uart.o
    0x08003584   0x08003584   0x00000304   Code   RO         3148    i.HAL_UART_IRQHandler  stm32h7xx_hal_uart.o
    0x08003888   0x08003888   0x0000006a   Code   RO         3149    i.HAL_UART_Init     stm32h7xx_hal_uart.o
    0x080038f2   0x080038f2   0x00000002   PAD
    0x080038f4   0x080038f4   0x00000078   Code   RO          327    i.HAL_UART_MspInit  stm32h7xx_hal_msp.o
    0x0800396c   0x0800396c   0x0000004c   Code   RO         3154    i.HAL_UART_Receive_IT  stm32h7xx_hal_uart.o
    0x080039b8   0x080039b8   0x00000024   Code   RO           16    i.HAL_UART_RxCpltCallback  main.o
    0x080039dc   0x080039dc   0x000000be   Code   RO         3158    i.HAL_UART_Transmit  stm32h7xx_hal_uart.o
    0x08003a9a   0x08003a9a   0x00000002   Code   RO         3161    i.HAL_UART_TxCpltCallback  stm32h7xx_hal_uart.o
    0x08003a9c   0x08003a9c   0x00000002   Code   RO          243    i.HardFault_Handler  stm32h7xx_it.o
    0x08003a9e   0x08003a9e   0x00000002   PAD
    0x08003aa0   0x08003aa0   0x00000164   Code   RO           17    i.MX_GPIO_Init      main.o
    0x08003c04   0x08003c04   0x00000058   Code   RO           18    i.MX_SPI1_Init      main.o
    0x08003c5c   0x08003c5c   0x00000058   Code   RO           19    i.MX_SPI2_Init      main.o
    0x08003cb4   0x08003cb4   0x00000058   Code   RO           20    i.MX_SPI3_Init      main.o
    0x08003d0c   0x08003d0c   0x00000054   Code   RO           21    i.MX_SPI4_Init      main.o
    0x08003d60   0x08003d60   0x00000054   Code   RO           22    i.MX_SPI5_Init      main.o
    0x08003db4   0x08003db4   0x00000064   Code   RO           23    i.MX_UART4_Init     main.o
    0x08003e18   0x08003e18   0x00000002   Code   RO          244    i.MemManage_Handler  stm32h7xx_it.o
    0x08003e1a   0x08003e1a   0x00000002   Code   RO          245    i.NMI_Handler       stm32h7xx_it.o
    0x08003e1c   0x08003e1c   0x00000002   Code   RO          246    i.PendSV_Handler    stm32h7xx_it.o
    0x08003e1e   0x08003e1e   0x00000002   PAD
    0x08003e20   0x08003e20   0x0000004c   Code   RO           24    i.PeriphCommonClock_Config  main.o
    0x08003e6c   0x08003e6c   0x00000120   Code   RO          640    i.RCCEx_PLL2_Config  stm32h7xx_hal_rcc_ex.o
    0x08003f8c   0x08003f8c   0x00000120   Code   RO          641    i.RCCEx_PLL3_Config  stm32h7xx_hal_rcc_ex.o
    0x080040ac   0x080040ac   0x000000bc   Code   RO         2791    i.SPI_CloseTransfer  stm32h7xx_hal_spi.o
    0x08004168   0x08004168   0x00000042   Code   RO         2808    i.SPI_WaitOnFlagUntilTimeout  stm32h7xx_hal_spi.o
    0x080041aa   0x080041aa   0x00000002   Code   RO          247    i.SVC_Handler       stm32h7xx_it.o
    0x080041ac   0x080041ac   0x00000004   Code   RO          248    i.SysTick_Handler   stm32h7xx_it.o
    0x080041b0   0x080041b0   0x0000009c   Code   RO           25    i.SystemClock_Config  main.o
    0x0800424c   0x0800424c   0x000000e4   Code   RO         3653    i.SystemInit        system_stm32h7xx.o
    0x08004330   0x08004330   0x0000001e   Code   RO         3729    i.Thermo_Couple_Channel_Select_Data  ads8699.o
    0x0800434e   0x0800434e   0x0000001e   Code   RO         3730    i.Thermo_Couple_Channel_Select_Data1  ads8699.o
    0x0800436c   0x0800436c   0x0000000c   Code   RO          249    i.UART4_IRQHandler  stm32h7xx_it.o
    0x08004378   0x08004378   0x00000044   Code   RO         3553    i.UARTEx_SetNbDataToProcess  stm32h7xx_hal_uart_ex.o
    0x080043bc   0x080043bc   0x000000c8   Code   RO         3163    i.UART_AdvFeatureConfig  stm32h7xx_hal_uart.o
    0x08004484   0x08004484   0x00000060   Code   RO         3164    i.UART_CheckIdleState  stm32h7xx_hal_uart.o
    0x080044e4   0x080044e4   0x00000014   Code   RO         3165    i.UART_DMAAbortOnError  stm32h7xx_hal_uart.o
    0x080044f8   0x080044f8   0x00000038   Code   RO         3175    i.UART_EndRxTransfer  stm32h7xx_hal_uart.o
    0x08004530   0x08004530   0x00000080   Code   RO         3177    i.UART_RxISR_16BIT  stm32h7xx_hal_uart.o
    0x080045b0   0x080045b0   0x00000148   Code   RO         3178    i.UART_RxISR_16BIT_FIFOEN  stm32h7xx_hal_uart.o
    0x080046f8   0x080046f8   0x00000080   Code   RO         3179    i.UART_RxISR_8BIT   stm32h7xx_hal_uart.o
    0x08004778   0x08004778   0x00000148   Code   RO         3180    i.UART_RxISR_8BIT_FIFOEN  stm32h7xx_hal_uart.o
    0x080048c0   0x080048c0   0x000003ac   Code   RO         3181    i.UART_SetConfig    stm32h7xx_hal_uart.o
    0x08004c6c   0x08004c6c   0x000000d8   Code   RO         3183    i.UART_Start_Receive_IT  stm32h7xx_hal_uart.o
    0x08004d44   0x08004d44   0x000000a4   Code   RO         3188    i.UART_WaitOnFlagUntilTimeout  stm32h7xx_hal_uart.o
    0x08004de8   0x08004de8   0x00000002   Code   RO          250    i.UsageFault_Handler  stm32h7xx_it.o
    0x08004dea   0x08004dea   0x00000022   Code   RO          390    i.__NVIC_SetPriority  stm32h7xx_hal_cortex.o
    0x08004e0c   0x08004e0c   0x000003d8   Code   RO           26    i.main              main.o
    0x080051e4   0x080051e4   0x0000000a   Code   RO         4006    x$fpl$fpinit        fz_wv.l(fpinit.o)
    0x080051ee   0x080051ee   0x00000018   Data   RO         3189    .constdata          stm32h7xx_hal_uart.o
    0x08005206   0x08005206   0x00000010   Data   RO         3554    .constdata          stm32h7xx_hal_uart_ex.o
    0x08005216   0x08005216   0x00000010   Data   RO         3654    .constdata          system_stm32h7xx.o
    0x08005226   0x08005226   0x00000002   PAD
    0x08005228   0x08005228   0x00000020   Data   RO         4097    Region$$Table       anon$$obj.o


    Execution Region RW_IRAM1 (Exec base: 0x20000000, Load base: 0x08005248, Size: 0x00000000, Max: 0x00020000, ABSOLUTE)

    **** No section assigned to this execution region ****


    Execution Region RW_IRAM2 (Exec base: 0x24000000, Load base: 0x08005248, Size: 0x00000a10, Max: 0x00080000, ABSOLUTE)

    Exec Addr    Load Addr    Size         Type   Attr      Idx    E Section Name        Object

    0x24000000   0x08005248   0x0000000c   Data   RW           30    .data               main.o
    0x2400000c   0x08005254   0x0000000c   Data   RW         1909    .data               stm32h7xx_hal.o
    0x24000018   0x08005260   0x00000008   Data   RW         3655    .data               system_stm32h7xx.o
    0x24000020   0x08005268   0x0000000e   Data   RW         3733    .data               ads8699.o
    0x2400002e   0x08005276   0x00000002   PAD
    0x24000030        -       0x00000379   Zero   RW           27    .bss                main.o
    0x240003a9   0x08005276   0x00000003   PAD
    0x240003ac        -       0x00000060   Zero   RW         3970    .bss                c_w.l(libspace.o)
    0x2400040c   0x08005276   0x00000004   PAD
    0x24000410        -       0x00000200   Zero   RW            2    HEAP                startup_stm32h743xx.o
    0x24000610        -       0x00000400   Zero   RW            1    STACK               startup_stm32h743xx.o


==============================================================================

Image component sizes


      Code (inc. data)   RO Data    RW Data    ZI Data      Debug   Object Name

      1122         10          0         14          0       7840   ads8699.o
      2232        190          0         12        889    1248717   main.o
        88          0          0          0          0       1405   shift.o
        64         26        664          0       1536        836   startup_stm32h743xx.o
       232         44          0         12          0      23356   stm32h7xx_hal.o
       198         12          0          0          0      39551   stm32h7xx_hal_cortex.o
      1512         70          0          0          0       3875   stm32h7xx_hal_dma.o
       570         50          0          0          0       2684   stm32h7xx_hal_gpio.o
       760         62          0          0          0       3043   stm32h7xx_hal_msp.o
        84          6          0          0          0        781   stm32h7xx_hal_pwr_ex.o
      2344        108          0          0          0       7060   stm32h7xx_hal_rcc.o
      3518        112          0          0          0       7837   stm32h7xx_hal_rcc_ex.o
      2552         14          0          0          0       9465   stm32h7xx_hal_spi.o
      3754        182         24          0          0      36046   stm32h7xx_hal_uart.o
       290          6         16          0          0       5446   stm32h7xx_hal_uart_ex.o
        32          6          0          0          0       4537   stm32h7xx_it.o
       228         40         16          8          0       1510   system_stm32h7xx.o

    ----------------------------------------------------------------------
     19600        938        754         48       2428    1403989   Object Totals
         0          0         32          0          0          0   (incl. Generated)
        20          0          2          2          3          0   (incl. Padding)

    ----------------------------------------------------------------------

      Code (inc. data)   RO Data    RW Data    ZI Data      Debug   Library Member Name

         8          0          0          0          0         68   __main.o
         0          0          0          0          0          0   __rtentry.o
        12          0          0          0          0          0   __rtentry2.o
         6          0          0          0          0          0   __rtentry4.o
        52          8          0          0          0          0   __scatter.o
        26          0          0          0          0          0   __scatter_copy.o
        28          0          0          0          0          0   __scatter_zi.o
        18          0          0          0          0         80   exit.o
         6          0          0          0          0        152   heapauxi.o
         0          0          0          0          0          0   indicate_semi.o
         2          0          0          0          0          0   libinit.o
         6          0          0          0          0          0   libinit2.o
         2          0          0          0          0          0   libshutdown.o
         2          0          0          0          0          0   libshutdown2.o
         8          4          0          0         96         68   libspace.o
       238          0          0          0          0        100   lludivv7m.o
        78          0          0          0          0         80   rt_memclr_w.o
       100          0          0          0          0         80   rt_memcpy_w.o
         2          0          0          0          0          0   rtexit.o
        10          0          0          0          0          0   rtexit2.o
        12          4          0          0          0         68   sys_exit.o
        74          0          0          0          0         80   sys_stackheap_outer.o
         2          0          0          0          0         68   use_no_semi.o
        10          0          0          0          0        116   fpinit.o

    ----------------------------------------------------------------------
       710         16          0          0        100        960   Library Totals
         8          0          0          0          4          0   (incl. Padding)

    ----------------------------------------------------------------------

      Code (inc. data)   RO Data    RW Data    ZI Data      Debug   Library Name

       692         16          0          0         96        844   c_w.l
        10          0          0          0          0        116   fz_wv.l

    ----------------------------------------------------------------------
       710         16          0          0        100        960   Library Totals

    ----------------------------------------------------------------------

==============================================================================


      Code (inc. data)   RO Data    RW Data    ZI Data      Debug   

     20310        954        754         48       2528    1396137   Grand Totals
     20310        954        754         48       2528    1396137   ELF Image Totals
     20310        954        754         48          0          0   ROM Totals

==============================================================================

    Total RO  Size (Code + RO Data)                21064 (  20.57kB)
    Total RW  Size (RW Data + ZI Data)              2576 (   2.52kB)
    Total ROM Size (Code + RO Data + RW Data)      21112 (  20.62kB)

==============================================================================

